<html>
<body>
<pre>
<h1>µVision Build Log</h1>
<h2>Tool Versions:</h2>
IDE-Version: µVision V5.36.0.0
Copyright (C) 2021 ARM Ltd and ARM Germany GmbH. All rights reserved.
License Information: kinh nguyen, ACM, LIC=14HV2-9F7M2-TG07T-RHKHK-UCXLQ-YTJ00
 
Tool Versions:
Toolchain:       MDK-ARM Plus  Version: 5.36.0.0
Toolchain Path:  C:\Keil_v5\ARM\ARMCC\Bin
C Compiler:      Armcc.exe V5.06 update 7 (build 960)
Assembler:       Armasm.exe V5.06 update 7 (build 960)
Linker/Locator:  ArmLink.exe V5.06 update 7 (build 960)
Library Manager: ArmAr.exe V5.06 update 7 (build 960)
Hex Converter:   FromElf.exe V5.06 update 7 (build 960)
CPU DLL:         SARMCM3.DLL V5.36.0.0
Dialog DLL:      DCM.DLL V1.17.3.0
Target DLL:      STLink\ST-LINKIII-KEIL_SWO.dll V3.0.9.0
Dialog DLL:      TCM.DLL V1.53.0.0
 
<h2>Project:</h2>
D:\Gremsy\firmware\sample\stm32_HW_hostBL\hostBootLoader\MDK-ARM\hostBootLoader.uvprojx
Project File Date:  04/26/2022

<h2>Output:</h2>
*** Using Compiler 'V5.06 update 7 (build 960)', folder: 'C:\Keil_v5\ARM\ARMCC\Bin'
Build target 'hostBootLoader'
compiling BL_command.c...
..\myLibrary\src\BL_command.c(693): warning:  #550-D: variable "err"  was set but never used
      stm32_err_t err ;
..\myLibrary\src\BL_command.c(270): warning:  #177-D: function "BL_readOutProtect_command"  was declared but never referenced
  static stm32_err_t BL_readOutProtect_command(const uint8_t command)
..\myLibrary\src\BL_command.c(290): warning:  #177-D: function "BL_readOutUnProtect_command"  was declared but never referenced
  static stm32_err_t BL_readOutUnProtect_command(const uint8_t command)
..\myLibrary\src\BL_command.c(310): warning:  #177-D: function "BL_writeUnProtect_command"  was declared but never referenced
  static stm32_err_t BL_writeUnProtect_command(const uint8_t command)
..\myLibrary\src\BL_command.c(493): warning:  #177-D: function "BL_go_command"  was declared but never referenced
  static stm32_err_t BL_go_command(uint8_t command, uint32_t address)
..\myLibrary\src\BL_command.c: 5 warnings, 0 errors
linking...
Program Size: Code=20516 RO-data=1156 RW-data=64 ZI-data=2576  
FromELF: creating hex file...
"hostBootLoader\hostBootLoader.axf" - 0 Error(s), 5 Warning(s).

<h2>Software Packages used:</h2>

Package Vendor: ARM
                http://www.keil.com/pack/ARM.CMSIS.5.8.0.pack
                ARM.CMSIS.5.8.0
                CMSIS (Common Microcontroller Software Interface Standard)
   * Component: CORE Version: 5.5.0

Package Vendor: Keil
                http://www.keil.com/pack/Keil.STM32F4xx_DFP.2.15.0.pack
                Keil.STM32F4xx_DFP.2.15.0
                STMicroelectronics STM32F4 Series Device Support, Drivers and Examples

<h2>Collection of Component include folders:</h2>
  .\RTE\_hostBootLoader
  C:\Users\Gremsy-KinhNguyen\AppData\Local\Arm\Packs\ARM\CMSIS\5.8.0\CMSIS\Core\Include
  C:\Users\Gremsy-KinhNguyen\AppData\Local\Arm\Packs\Keil\STM32F4xx_DFP\2.15.0\Drivers\CMSIS\Device\ST\STM32F4xx\Include

<h2>Collection of Component Files used:</h2>

   * Component: ARM::CMSIS:CORE:5.5.0
      Include file:  CMSIS\Core\Include\tz_context.h
Build Time Elapsed:  00:00:01
</pre>
</body>
</html>
