Component: ARM Compiler 5.06 update 7 (build 960) Tool: armlink [4d3601]

==============================================================================

Section Cross References

    startup_stm32f405xx.o(STACK) refers (Special) to heapauxi.o(.text) for __use_two_region_memory
    startup_stm32f405xx.o(HEAP) refers (Special) to heapauxi.o(.text) for __use_two_region_memory
    startup_stm32f405xx.o(RESET) refers (Special) to heapauxi.o(.text) for __use_two_region_memory
    startup_stm32f405xx.o(RESET) refers to startup_stm32f405xx.o(STACK) for __initial_sp
    startup_stm32f405xx.o(RESET) refers to startup_stm32f405xx.o(.text) for Reset_Handler
    startup_stm32f405xx.o(RESET) refers to stm32f4xx_it.o(i.NMI_Handler) for NMI_Handler
    startup_stm32f405xx.o(RESET) refers to stm32f4xx_it.o(i.HardFault_Handler) for HardFault_Handler
    startup_stm32f405xx.o(RESET) refers to stm32f4xx_it.o(i.MemManage_Handler) for MemManage_Handler
    startup_stm32f405xx.o(RESET) refers to stm32f4xx_it.o(i.BusFault_Handler) for BusFault_Handler
    startup_stm32f405xx.o(RESET) refers to stm32f4xx_it.o(i.UsageFault_Handler) for UsageFault_Handler
    startup_stm32f405xx.o(RESET) refers to stm32f4xx_it.o(i.SVC_Handler) for SVC_Handler
    startup_stm32f405xx.o(RESET) refers to stm32f4xx_it.o(i.DebugMon_Handler) for DebugMon_Handler
    startup_stm32f405xx.o(RESET) refers to stm32f4xx_it.o(i.PendSV_Handler) for PendSV_Handler
    startup_stm32f405xx.o(RESET) refers to stm32f4xx_it.o(i.SysTick_Handler) for SysTick_Handler
    startup_stm32f405xx.o(RESET) refers to stm32f4xx_it.o(i.DMA1_Stream5_IRQHandler) for DMA1_Stream5_IRQHandler
    startup_stm32f405xx.o(RESET) refers to stm32f4xx_it.o(i.DMA1_Stream6_IRQHandler) for DMA1_Stream6_IRQHandler
    startup_stm32f405xx.o(RESET) refers to stm32f4xx_it.o(i.USART1_IRQHandler) for USART1_IRQHandler
    startup_stm32f405xx.o(RESET) refers to stm32f4xx_it.o(i.USART2_IRQHandler) for USART2_IRQHandler
    startup_stm32f405xx.o(RESET) refers to stm32f4xx_it.o(i.TIM5_IRQHandler) for TIM5_IRQHandler
    startup_stm32f405xx.o(RESET) refers to stm32f4xx_it.o(i.DMA2_Stream2_IRQHandler) for DMA2_Stream2_IRQHandler
    startup_stm32f405xx.o(RESET) refers to stm32f4xx_it.o(i.DMA2_Stream7_IRQHandler) for DMA2_Stream7_IRQHandler
    startup_stm32f405xx.o(.text) refers (Special) to heapauxi.o(.text) for __use_two_region_memory
    startup_stm32f405xx.o(.text) refers to system_stm32f4xx.o(i.SystemInit) for SystemInit
    startup_stm32f405xx.o(.text) refers to __main.o(!!!main) for __main
    startup_stm32f405xx.o(.text) refers to startup_stm32f405xx.o(HEAP) for Heap_Mem
    startup_stm32f405xx.o(.text) refers to startup_stm32f405xx.o(STACK) for Stack_Mem
    main.o(i.MX_DMA_Init) refers to stm32f4xx_hal_cortex.o(i.HAL_NVIC_SetPriority) for HAL_NVIC_SetPriority
    main.o(i.MX_DMA_Init) refers to stm32f4xx_hal_cortex.o(i.HAL_NVIC_EnableIRQ) for HAL_NVIC_EnableIRQ
    main.o(i.MX_GPIO_Init) refers to rt_memclr_w.o(.text) for __aeabi_memclr4
    main.o(i.MX_GPIO_Init) refers to stm32f4xx_hal_gpio.o(i.HAL_GPIO_WritePin) for HAL_GPIO_WritePin
    main.o(i.MX_GPIO_Init) refers to stm32f4xx_hal_gpio.o(i.HAL_GPIO_Init) for HAL_GPIO_Init
    main.o(i.MX_TIM2_Init) refers to stm32f4xx_hal_tim.o(i.HAL_TIM_Base_Init) for HAL_TIM_Base_Init
    main.o(i.MX_TIM2_Init) refers to main.o(i.Error_Handler) for Error_Handler
    main.o(i.MX_TIM2_Init) refers to stm32f4xx_hal_tim.o(i.HAL_TIM_ConfigClockSource) for HAL_TIM_ConfigClockSource
    main.o(i.MX_TIM2_Init) refers to stm32f4xx_hal_tim_ex.o(i.HAL_TIMEx_MasterConfigSynchronization) for HAL_TIMEx_MasterConfigSynchronization
    main.o(i.MX_TIM2_Init) refers to main.o(.bss) for htim2
    main.o(i.MX_TIM5_Init) refers to stm32f4xx_hal_tim.o(i.HAL_TIM_Base_Init) for HAL_TIM_Base_Init
    main.o(i.MX_TIM5_Init) refers to main.o(i.Error_Handler) for Error_Handler
    main.o(i.MX_TIM5_Init) refers to stm32f4xx_hal_tim.o(i.HAL_TIM_ConfigClockSource) for HAL_TIM_ConfigClockSource
    main.o(i.MX_TIM5_Init) refers to stm32f4xx_hal_tim.o(i.HAL_TIM_IC_Init) for HAL_TIM_IC_Init
    main.o(i.MX_TIM5_Init) refers to stm32f4xx_hal_tim_ex.o(i.HAL_TIMEx_MasterConfigSynchronization) for HAL_TIMEx_MasterConfigSynchronization
    main.o(i.MX_TIM5_Init) refers to stm32f4xx_hal_tim.o(i.HAL_TIM_IC_ConfigChannel) for HAL_TIM_IC_ConfigChannel
    main.o(i.MX_TIM5_Init) refers to main.o(.bss) for htim5
    main.o(i.MX_USART1_UART_Init) refers to stm32f4xx_hal_uart.o(i.HAL_UART_Init) for HAL_UART_Init
    main.o(i.MX_USART1_UART_Init) refers to main.o(i.Error_Handler) for Error_Handler
    main.o(i.MX_USART1_UART_Init) refers to main.o(.bss) for huart1
    main.o(i.MX_USART2_UART_Init) refers to stm32f4xx_hal_uart.o(i.HAL_UART_Init) for HAL_UART_Init
    main.o(i.MX_USART2_UART_Init) refers to main.o(i.Error_Handler) for Error_Handler
    main.o(i.MX_USART2_UART_Init) refers to main.o(.bss) for huart2
    main.o(i.SystemClock_Config) refers to rt_memclr_w.o(.text) for __aeabi_memclr4
[...]
    i.HAL_NVIC_SetPriorityGrouping           0x08002aac   Section        0  stm32f4xx_hal_cortex.o(i.HAL_NVIC_SetPriorityGrouping)
    i.HAL_RCC_ClockConfig                    0x08002ad4   Section        0  stm32f4xx_hal_rcc.o(i.HAL_RCC_ClockConfig)
    i.HAL_RCC_GetHCLKFreq                    0x08002c58   Section        0  stm32f4xx_hal_rcc.o(i.HAL_RCC_GetHCLKFreq)
    i.HAL_RCC_GetPCLK1Freq                   0x08002c64   Section        0  stm32f4xx_hal_rcc.o(i.HAL_RCC_GetPCLK1Freq)
    i.HAL_RCC_GetPCLK2Freq                   0x08002c84   Section        0  stm32f4xx_hal_rcc.o(i.HAL_RCC_GetPCLK2Freq)
    i.HAL_RCC_GetSysClockFreq                0x08002ca4   Section        0  stm32f4xx_hal_rcc.o(i.HAL_RCC_GetSysClockFreq)
    i.HAL_RCC_OscConfig                      0x08002d54   Section        0  stm32f4xx_hal_rcc.o(i.HAL_RCC_OscConfig)
    i.HAL_SYSTICK_Config                     0x080031f0   Section        0  stm32f4xx_hal_cortex.o(i.HAL_SYSTICK_Config)
    i.HAL_TIMEx_BreakCallback                0x08003224   Section        0  stm32f4xx_hal_tim_ex.o(i.HAL_TIMEx_BreakCallback)
    i.HAL_TIMEx_CommutCallback               0x08003226   Section        0  stm32f4xx_hal_tim_ex.o(i.HAL_TIMEx_CommutCallback)
    i.HAL_TIMEx_MasterConfigSynchronization  0x08003228   Section        0  stm32f4xx_hal_tim_ex.o(i.HAL_TIMEx_MasterConfigSynchronization)
    i.HAL_TIM_Base_Init                      0x080032dc   Section        0  stm32f4xx_hal_tim.o(i.HAL_TIM_Base_Init)
    i.HAL_TIM_Base_MspInit                   0x08003344   Section        0  stm32f4xx_hal_msp.o(i.HAL_TIM_Base_MspInit)
    i.HAL_TIM_ConfigClockSource              0x08003400   Section        0  stm32f4xx_hal_tim.o(i.HAL_TIM_ConfigClockSource)
    i.HAL_TIM_IC_CaptureCallback             0x0800350c   Section        0  pwmcommon.o(i.HAL_TIM_IC_CaptureCallback)
    i.HAL_TIM_IC_ConfigChannel               0x08003594   Section        0  stm32f4xx_hal_tim.o(i.HAL_TIM_IC_ConfigChannel)
    i.HAL_TIM_IC_Init                        0x08003672   Section        0  stm32f4xx_hal_tim.o(i.HAL_TIM_IC_Init)
    i.HAL_TIM_IC_MspInit                     0x080036d8   Section        0  stm32f4xx_hal_tim.o(i.HAL_TIM_IC_MspInit)
    i.HAL_TIM_IRQHandler                     0x080036da   Section        0  stm32f4xx_hal_tim.o(i.HAL_TIM_IRQHandler)
    i.HAL_TIM_OC_DelayElapsedCallback        0x08003870   Section        0  stm32f4xx_hal_tim.o(i.HAL_TIM_OC_DelayElapsedCallback)
    i.HAL_TIM_PWM_PulseFinishedCallback      0x08003872   Section        0  stm32f4xx_hal_tim.o(i.HAL_TIM_PWM_PulseFinishedCallback)
    i.HAL_TIM_PeriodElapsedCallback          0x08003874   Section        0  stm32f4xx_hal_tim.o(i.HAL_TIM_PeriodElapsedCallback)
    i.HAL_TIM_ReadCapturedValue              0x08003876   Section        0  stm32f4xx_hal_tim.o(i.HAL_TIM_ReadCapturedValue)
    i.HAL_TIM_TriggerCallback                0x080038a8   Section        0  stm32f4xx_hal_tim.o(i.HAL_TIM_TriggerCallback)
    i.HAL_UARTEx_RxEventCallback             0x080038aa   Section        0  stm32f4xx_hal_uart.o(i.HAL_UARTEx_RxEventCallback)
    i.HAL_UART_ErrorCallback                 0x080038ac   Section        0  stm32f4xx_hal_uart.o(i.HAL_UART_ErrorCallback)
    i.HAL_UART_IRQHandler                    0x080038b0   Section        0  stm32f4xx_hal_uart.o(i.HAL_UART_IRQHandler)
    i.HAL_UART_Init                          0x08003b90   Section        0  stm32f4xx_hal_uart.o(i.HAL_UART_Init)
    i.HAL_UART_MspInit                       0x08003c04   Section        0  stm32f4xx_hal_msp.o(i.HAL_UART_MspInit)
    i.HAL_UART_Receive_DMA                   0x08003e34   Section        0  stm32f4xx_hal_uart.o(i.HAL_UART_Receive_DMA)
    i.HAL_UART_RxCpltCallback                0x08003e78   Section        0  serialcommon.o(i.HAL_UART_RxCpltCallback)
    i.HAL_UART_RxHalfCpltCallback            0x08003e9c   Section        0  stm32f4xx_hal_uart.o(i.HAL_UART_RxHalfCpltCallback)
    i.HAL_UART_Transmit                      0x08003e9e   Section        0  stm32f4xx_hal_uart.o(i.HAL_UART_Transmit)
    i.HAL_UART_Transmit_DMA                  0x08003f70   Section        0  stm32f4xx_hal_uart.o(i.HAL_UART_Transmit_DMA)
    i.HAL_UART_TxCpltCallback                0x0800401c   Section        0  serialcommon.o(i.HAL_UART_TxCpltCallback)
    i.HAL_UART_TxHalfCpltCallback            0x08004040   Section        0  stm32f4xx_hal_uart.o(i.HAL_UART_TxHalfCpltCallback)
    i.HardFault_Handler                      0x08004042   Section        0  stm32f4xx_it.o(i.HardFault_Handler)
    i.MX_DMA_Init                            0x08004048   Section        0  main.o(i.MX_DMA_Init)
    MX_DMA_Init                              0x08004049   Thumb Code   130  main.o(i.MX_DMA_Init)
    i.MX_GPIO_Init                           0x080040d0   Section        0  main.o(i.MX_GPIO_Init)
    MX_GPIO_Init                             0x080040d1   Thumb Code   210  main.o(i.MX_GPIO_Init)
    i.MX_TIM2_Init                           0x080041b0   Section        0  main.o(i.MX_TIM2_Init)
    MX_TIM2_Init                             0x080041b1   Thumb Code   100  main.o(i.MX_TIM2_Init)
    i.MX_TIM5_Init                           0x08004218   Section        0  main.o(i.MX_TIM5_Init)
    MX_TIM5_Init                             0x08004219   Thumb Code   148  main.o(i.MX_TIM5_Init)
    i.MX_USART1_UART_Init                    0x080042b4   Section        0  main.o(i.MX_USART1_UART_Init)
    MX_USART1_UART_Init                      0x080042b5   Thumb Code    46  main.o(i.MX_USART1_UART_Init)
    i.MX_USART2_UART_Init                    0x080042ec   Section        0  main.o(i.MX_USART2_UART_Init)
    MX_USART2_UART_Init                      0x080042ed   Thumb Code    54  main.o(i.MX_USART2_UART_Init)
    i.MemManage_Handler                      0x0800432c   Section        0  stm32f4xx_it.o(i.MemManage_Handler)
    i.NMI_Handler                            0x08004330   Section        0  stm32f4xx_it.o(i.NMI_Handler)
    i.PendSV_Handler                         0x08004334   Section        0  stm32f4xx_it.o(i.PendSV_Handler)
    i.SVC_Handler                            0x08004336   Section        0  stm32f4xx_it.o(i.SVC_Handler)
    i.SysTick_Handler                        0x08004338   Section        0  stm32f4xx_it.o(i.SysTick_Handler)
    i.SystemClock_Config                     0x08004340   Section        0  main.o(i.SystemClock_Config)
    i.SystemInit                             0x080043f4   Section        0  system_stm32f4xx.o(i.SystemInit)
    i.TIM5_IRQHandler                        0x08004408   Section        0  stm32f4xx_it.o(i.TIM5_IRQHandler)
    i.TIM_Base_SetConfig                     0x08004418   Section        0  stm32f4xx_hal_tim.o(i.TIM_Base_SetConfig)
    i.TIM_ETR_SetConfig                      0x080044f0   Section        0  stm32f4xx_hal_tim.o(i.TIM_ETR_SetConfig)
    i.TIM_ITRx_SetConfig                     0x08004506   Section        0  stm32f4xx_hal_tim.o(i.TIM_ITRx_SetConfig)
    TIM_ITRx_SetConfig                       0x08004507   Thumb Code    18  stm32f4xx_hal_tim.o(i.TIM_ITRx_SetConfig)
    i.TIM_TI1_ConfigInputStage               0x08004518   Section        0  stm32f4xx_hal_tim.o(i.TIM_TI1_ConfigInputStage)
    TIM_TI1_ConfigInputStage                 0x08004519   Thumb Code    38  stm32f4xx_hal_tim.o(i.TIM_TI1_ConfigInputStage)
    i.TIM_TI1_SetConfig                      0x08004540   Section        0  stm32f4xx_hal_tim.o(i.TIM_TI1_SetConfig)
    i.TIM_TI2_ConfigInputStage               0x080045d0   Section        0  stm32f4xx_hal_tim.o(i.TIM_TI2_ConfigInputStage)
    TIM_TI2_ConfigInputStage                 0x080045d1   Thumb Code    40  stm32f4xx_hal_tim.o(i.TIM_TI2_ConfigInputStage)
    i.TIM_TI2_SetConfig                      0x080045f8   Section        0  stm32f4xx_hal_tim.o(i.TIM_TI2_SetConfig)
    TIM_TI2_SetConfig                        0x080045f9   Thumb Code    58  stm32f4xx_hal_tim.o(i.TIM_TI2_SetConfig)
    i.TIM_TI3_SetConfig                      0x08004632   Section        0  stm32f4xx_hal_tim.o(i.TIM_TI3_SetConfig)
    TIM_TI3_SetConfig                        0x08004633   Thumb Code    56  stm32f4xx_hal_tim.o(i.TIM_TI3_SetConfig)
    i.TIM_TI4_SetConfig                      0x0800466a   Section        0  stm32f4xx_hal_tim.o(i.TIM_TI4_SetConfig)
    TIM_TI4_SetConfig                        0x0800466b   Thumb Code    60  stm32f4xx_hal_tim.o(i.TIM_TI4_SetConfig)
    i.UART_DMAAbortOnError                   0x080046a6   Section        0  stm32f4xx_hal_uart.o(i.UART_DMAAbortOnError)
    UART_DMAAbortOnError                     0x080046a7   Thumb Code    20  stm32f4xx_hal_uart.o(i.UART_DMAAbortOnError)
    i.UART_DMAError                          0x080046ba   Section        0  stm32f4xx_hal_uart.o(i.UART_DMAError)
    UART_DMAError                            0x080046bb   Thumb Code    80  stm32f4xx_hal_uart.o(i.UART_DMAError)
    i.UART_DMAReceiveCplt                    0x0800470a   Section        0  stm32f4xx_hal_uart.o(i.UART_DMAReceiveCplt)
    UART_DMAReceiveCplt                      0x0800470b   Thumb Code   176  stm32f4xx_hal_uart.o(i.UART_DMAReceiveCplt)
    i.UART_DMARxHalfCplt                     0x080047ba   Section        0  stm32f4xx_hal_uart.o(i.UART_DMARxHalfCplt)
    UART_DMARxHalfCplt                       0x080047bb   Thumb Code    32  stm32f4xx_hal_uart.o(i.UART_DMARxHalfCplt)
    i.UART_DMATransmitCplt                   0x080047da   Section        0  stm32f4xx_hal_uart.o(i.UART_DMATransmitCplt)
    UART_DMATransmitCplt                     0x080047db   Thumb Code    88  stm32f4xx_hal_uart.o(i.UART_DMATransmitCplt)
    i.UART_DMATxHalfCplt                     0x08004832   Section        0  stm32f4xx_hal_uart.o(i.UART_DMATxHalfCplt)
    UART_DMATxHalfCplt                       0x08004833   Thumb Code    14  stm32f4xx_hal_uart.o(i.UART_DMATxHalfCplt)
    i.UART_EndRxTransfer                     0x08004840   Section        0  stm32f4xx_hal_uart.o(i.UART_EndRxTransfer)
    UART_EndRxTransfer                       0x08004841   Thumb Code   108  stm32f4xx_hal_uart.o(i.UART_EndRxTransfer)
    i.UART_EndTransmit_IT                    0x080048ac   Section        0  stm32f4xx_hal_uart.o(i.UART_EndTransmit_IT)
    UART_EndTransmit_IT                      0x080048ad   Thumb Code    32  stm32f4xx_hal_uart.o(i.UART_EndTransmit_IT)
    i.UART_EndTxTransfer                     0x080048cc   Section        0  stm32f4xx_hal_uart.o(i.UART_EndTxTransfer)
    UART_EndTxTransfer                       0x080048cd   Thumb Code    38  stm32f4xx_hal_uart.o(i.UART_EndTxTransfer)
    i.UART_Receive_IT                        0x080048f2   Section        0  stm32f4xx_hal_uart.o(i.UART_Receive_IT)
    UART_Receive_IT                          0x080048f3   Thumb Code   248  stm32f4xx_hal_uart.o(i.UART_Receive_IT)
    i.UART_SetConfig                         0x080049ec   Section        0  stm32f4xx_hal_uart.o(i.UART_SetConfig)
    UART_SetConfig                           0x080049ed   Thumb Code   546  stm32f4xx_hal_uart.o(i.UART_SetConfig)
    i.UART_Start_Receive_DMA                 0x08004c18   Section        0  stm32f4xx_hal_uart.o(i.UART_Start_Receive_DMA)
    i.UART_Transmit_IT                       0x08004ce4   Section        0  stm32f4xx_hal_uart.o(i.UART_Transmit_IT)
    UART_Transmit_IT                         0x08004ce5   Thumb Code    96  stm32f4xx_hal_uart.o(i.UART_Transmit_IT)
    i.UART_WaitOnFlagUntilTimeout            0x08004d44   Section        0  stm32f4xx_hal_uart.o(i.UART_WaitOnFlagUntilTimeout)
    UART_WaitOnFlagUntilTimeout              0x08004d45   Thumb Code   146  stm32f4xx_hal_uart.o(i.UART_WaitOnFlagUntilTimeout)
    i.USART1_IRQHandler                      0x08004dd8   Section        0  stm32f4xx_it.o(i.USART1_IRQHandler)
    i.USART2_IRQHandler                      0x08004de8   Section        0  stm32f4xx_it.o(i.USART2_IRQHandler)
    i.UsageFault_Handler                     0x08004df8   Section        0  stm32f4xx_it.o(i.UsageFault_Handler)
    i.__ARM_fpclassify                       0x08004dfc   Section        0  fpclassify.o(i.__ARM_fpclassify)
    i.__NVIC_GetPriorityGrouping             0x08004e2c   Section        0  stm32f4xx_hal_cortex.o(i.__NVIC_GetPriorityGrouping)
    __NVIC_GetPriorityGrouping               0x08004e2d   Thumb Code    10  stm32f4xx_hal_cortex.o(i.__NVIC_GetPriorityGrouping)
    i.__NVIC_SetPriority                     0x08004e3c   Section        0  stm32f4xx_hal_cortex.o(i.__NVIC_SetPriority)
    __NVIC_SetPriority                       0x08004e3d   Thumb Code    32  stm32f4xx_hal_cortex.o(i.__NVIC_SetPriority)
    i._is_digit                              0x08004e64   Section        0  __printf_wp.o(i._is_digit)
    i.fputc                                  0x08004e74   Section        0  serialcommon.o(i.fputc)
    i.hostBootLoader_deviceReady             0x08004e90   Section        0  hostbootloader.o(i.hostBootLoader_deviceReady)
    i.hostBootLoader_init                    0x08004ef0   Section        0  hostbootloader.o(i.hostBootLoader_init)
    i.hostBootLoader_process                 0x08004f4c   Section        0  hostbootloader.o(i.hostBootLoader_process)
    i.hostBootLoader_readCallBacl            0x08004f5c   Section        0  hostbootloader.o(i.hostBootLoader_readCallBacl)
    i.main                                   0x08004fc4   Section        0  main.o(i.main)
    i.serialCommon_init                      0x08004ffc   Section        0  serialcommon.o(i.serialCommon_init)
    i.serialCommon_readData                  0x08005008   Section        0  serialcommon.o(i.serialCommon_readData)
    i.serialCommon_sendData                  0x08005044   Section        0  serialcommon.o(i.serialCommon_sendData)
    i.serialConsole_init                     0x08005078   Section        0  serialcommon.o(i.serialConsole_init)
    locale$$code                             0x08005084   Section       44  lc_numeric_c.o(locale$$code)
    x$fpl$dretinf                            0x080050b0   Section       12  dretinf.o(x$fpl$dretinf)
    $v0                                      0x080050b0   Number         0  dretinf.o(x$fpl$dretinf)
    x$fpl$f2d                                0x080050bc   Section       86  f2d.o(x$fpl$f2d)
    $v0                                      0x080050bc   Number         0  f2d.o(x$fpl$f2d)
    x$fpl$fnaninf                            0x08005112   Section      140  fnaninf.o(x$fpl$fnaninf)
    $v0                                      0x08005112   Number         0  fnaninf.o(x$fpl$fnaninf)
    x$fpl$fpinit                             0x0800519e   Section       10  fpinit.o(x$fpl$fpinit)
    $v0                                      0x0800519e   Number         0  fpinit.o(x$fpl$fpinit)
    x$fpl$printf1                            0x080051a8   Section        4  printf1.o(x$fpl$printf1)
    $v0                                      0x080051a8   Number         0  printf1.o(x$fpl$printf1)
    .constdata                               0x080051ac   Section       21  bl_command.o(.constdata)
    x$fpl$usenofp                            0x080051ac   Section        0  usenofp.o(x$fpl$usenofp)
    __FUNCTION__                             0x080051ac   Data          21  bl_command.o(.constdata)
    .constdata                               0x080051c1   Section        8  stm32f4xx_hal_dma.o(.constdata)
    flagBitshiftOffset                       0x080051c1   Data           8  stm32f4xx_hal_dma.o(.constdata)
    .constdata                               0x080051c9   Section       24  system_stm32f4xx.o(.constdata)
    .constdata                               0x080051e1   Section       40  _printf_hex_int.o(.constdata)
    uc_hextab                                0x080051e1   Data          20  _printf_hex_int.o(.constdata)
    lc_hextab                                0x080051f5   Data          20  _printf_hex_int.o(.constdata)
    .constdata                               0x08005209   Section       17  __printf_flags_wp.o(.constdata)
    maptable                                 0x08005209   Data          17  __printf_flags_wp.o(.constdata)
    .constdata                               0x0800521c   Section      148  bigflt0.o(.constdata)
    tenpwrs_x                                0x0800521c   Data          60  bigflt0.o(.constdata)
    tenpwrs_i                                0x08005258   Data          64  bigflt0.o(.constdata)
    .conststring                             0x080052b0   Section      441  bl_command.o(.conststring)
    locale$$data                             0x0800548c   Section       28  lc_numeric_c.o(locale$$data)
    __lcnum_c_name                           0x08005490   Data           2  lc_numeric_c.o(locale$$data)
    __lcnum_c_start                          0x08005498   Data           0  lc_numeric_c.o(locale$$data)
    __lcnum_c_point                          0x080054a4   Data           0  lc_numeric_c.o(locale$$data)
    __lcnum_c_thousands                      0x080054a6   Data           0  lc_numeric_c.o(locale$$data)
    __lcnum_c_grouping                       0x080054a7   Data           0  lc_numeric_c.o(locale$$data)
    __lcnum_c_end                            0x080054a8   Data           0  lc_numeric_c.o(locale$$data)
    .data                                    0x20000000   Section        4  hostbootloader.o(.data)
    timeDebug                                0x20000000   Data           4  hostbootloader.o(.data)
    .data                                    0x20000004   Section       12  bl_command.o(.data)
    flashState                               0x20000004   Data           1  bl_command.o(.data)
    time                                     0x20000008   Data           4  bl_command.o(.data)
    timeSet                                  0x2000000c   Data           4  bl_command.o(.data)
    .data                                    0x20000010   Section       16  serialcommon.o(.data)
    .data                                    0x20000020   Section       13  pwmcommon.o(.data)
    .data                                    0x20000030   Section        9  stm32f4xx_hal.o(.data)
    .data                                    0x2000003c   Section        4  system_stm32f4xx.o(.data)
    .bss                                     0x20000040   Section      664  main.o(.bss)
    .bss                                     0x200002d8   Section      274  hostbootloader.o(.bss)
    .bss                                     0x200003ec   Section       96  libspace.o(.bss)
    HEAP                                     0x20000450   Section      512  startup_stm32f405xx.o(HEAP)
    Heap_Mem                                 0x20000450   Data         512  startup_stm32f405xx.o(HEAP)
    STACK                                    0x20000650   Section     1024  startup_stm32f405xx.o(STACK)
    Stack_Mem                                0x20000650   Data        1024  startup_stm32f405xx.o(STACK)
    __initial_sp                             0x20000a50   Data           0  startup_stm32f405xx.o(STACK)

    Global Symbols

    Symbol Name                              Value     Ov Type        Size  Object(Section)

    BuildAttributes$$THM_ISAv4$E$P$D$K$B$S$7EM$VFPi3$EXTD16$VFPS$VFMA$PE$A:L22UL41UL21$X:L11$S22US41US21$IEEE1$IW$USESV6$~STKCKD$USESV7$~SHL$OTIME$ROPI$IEEEJ$EBA8$UX$STANDARDLIB$REQ8$PRES8$EABIv2 0x00000000   Number         0  anon$$obj.o ABSOLUTE
    __ARM_use_no_argv                        0x00000000   Number         0  main.o ABSOLUTE
    _printf_flags                            0x00000000   Number         0  printf_stubs.o ABSOLUTE
    _printf_return_value                     0x00000000   Number         0  printf_stubs.o ABSOLUTE
    _printf_sizespec                         0x00000000   Number         0  printf_stubs.o ABSOLUTE
    _printf_widthprec                        0x00000000   Number         0  printf_stubs.o ABSOLUTE
    __ARM_exceptions_init                     - Undefined Weak Reference
    __alloca_initialize                       - Undefined Weak Reference
    __arm_fini_                               - Undefined Weak Reference
    __arm_preinit_                            - Undefined Weak Reference
    __cpp_initialize__aeabi_                  - Undefined Weak Reference
    __cxa_finalize                            - Undefined Weak Reference
    __sigvec_lookup                           - Undefined Weak Reference
    _atexit_init                              - Undefined Weak Reference
    _call_atexit_fns                          - Undefined Weak Reference
    _clock_init                               - Undefined Weak Reference
    _fp_trap_init                             - Undefined Weak Reference
    _fp_trap_shutdown                         - Undefined Weak Reference
    _get_lc_collate                           - Undefined Weak Reference
    _get_lc_ctype                             - Undefined Weak Reference
    _get_lc_monetary                          - Undefined Weak Reference
    _get_lc_time                              - Undefined Weak Reference
    _getenv_init                              - Undefined Weak Reference
    _handle_redirection                       - Undefined Weak Reference
    _init_alloc                               - Undefined Weak Reference
    _init_user_alloc                          - Undefined Weak Reference
    _initio                                   - Undefined Weak Reference
    _mutex_acquire                            - Undefined Weak Reference
    _mutex_release                            - Undefined Weak Reference
    _printf_mbtowc                            - Undefined Weak Reference
    _printf_truncate_signed                   - Undefined Weak Reference
    _printf_truncate_unsigned                 - Undefined Weak Reference
    _rand_init                                - Undefined Weak Reference
    _signal_finish                            - Undefined Weak Reference
    _signal_init                              - Undefined Weak Reference
    _terminate_alloc                          - Undefined Weak Reference
    _terminate_user_alloc                     - Undefined Weak Reference
    _terminateio                              - Undefined Weak Reference
    __Vectors_Size                           0x00000188   Number         0  startup_stm32f405xx.o ABSOLUTE
    __Vectors                                0x08000000   Data           4  startup_stm32f405xx.o(RESET)
    __Vectors_End                            0x08000188   Data           0  startup_stm32f405xx.o(RESET)
    __main                                   0x08000189   Thumb Code     8  __main.o(!!!main)
    __scatterload                            0x08000191   Thumb Code     0  __scatter.o(!!!scatter)
    __scatterload_rt2                        0x08000191   Thumb Code    44  __scatter.o(!!!scatter)
    __scatterload_rt2_thumb_only             0x08000191   Thumb Code     0  __scatter.o(!!!scatter)
    __scatterload_null                       0x0800019f   Thumb Code     0  __scatter.o(!!!scatter)
    __scatterload_copy                       0x080001c5   Thumb Code    26  __scatter_copy.o(!!handler_copy)
    __scatterload_zeroinit                   0x080001e1   Thumb Code    28  __scatter_zi.o(!!handler_zi)
    _printf_f                                0x080001fd   Thumb Code     0  _printf_f.o(.ARM.Collect$$_printf_percent$$00000003)
    _printf_percent                          0x080001fd   Thumb Code     0  _printf_percent.o(.ARM.Collect$$_printf_percent$$00000000)
    _printf_d                                0x08000203   Thumb Code     0  _printf_d.o(.ARM.Collect$$_printf_percent$$00000009)
    _printf_x                                0x08000209   Thumb Code     0  _printf_x.o(.ARM.Collect$$_printf_percent$$0000000C)
    _printf_s                                0x0800020f   Thumb Code     0  _printf_s.o(.ARM.Collect$$_printf_percent$$00000014)
    _printf_percent_end                      0x08000215   Thumb Code     0  _printf_percent_end.o(.ARM.Collect$$_printf_percent$$00000017)
    __rt_lib_init                            0x08000219   Thumb Code     0  libinit.o(.ARM.Collect$$libinit$$00000000)
    __rt_lib_init_fp_1                       0x0800021b   Thumb Code     0  libinit2.o(.ARM.Collect$$libinit$$00000001)
    __rt_lib_init_heap_1                     0x0800021f   Thumb Code     0  libinit2.o(.ARM.Collect$$libinit$$0000000A)
    __rt_lib_init_lc_common                  0x0800021f   Thumb Code     0  libinit2.o(.ARM.Collect$$libinit$$0000000F)
    __rt_lib_init_preinit_1                  0x0800021f   Thumb Code     0  libinit2.o(.ARM.Collect$$libinit$$00000004)
    __rt_lib_init_rand_1                     0x0800021f   Thumb Code     0  libinit2.o(.ARM.Collect$$libinit$$0000000E)
    __rt_lib_init_user_alloc_1               0x0800021f   Thumb Code     0  libinit2.o(.ARM.Collect$$libinit$$0000000C)
    __rt_lib_init_lc_collate_1               0x08000225   Thumb Code     0  libinit2.o(.ARM.Collect$$libinit$$00000011)
    __rt_lib_init_lc_ctype_1                 0x08000225   Thumb Code     0  libinit2.o(.ARM.Collect$$libinit$$00000013)
    __rt_lib_init_lc_monetary_1              0x08000225   Thumb Code     0  libinit2.o(.ARM.Collect$$libinit$$00000015)
    __rt_lib_init_lc_numeric_2               0x08000225   Thumb Code     0  libinit2.o(.ARM.Collect$$libinit$$00000016)
    __rt_lib_init_alloca_1                   0x0800022f   Thumb Code     0  libinit2.o(.ARM.Collect$$libinit$$0000002E)
    __rt_lib_init_argv_1                     0x0800022f   Thumb Code     0  libinit2.o(.ARM.Collect$$libinit$$0000002C)
    __rt_lib_init_atexit_1                   0x0800022f   Thumb Code     0  libinit2.o(.ARM.Collect$$libinit$$0000001B)
    __rt_lib_init_clock_1                    0x0800022f   Thumb Code     0  libinit2.o(.ARM.Collect$$libinit$$00000021)
    __rt_lib_init_cpp_1                      0x0800022f   Thumb Code     0  libinit2.o(.ARM.Collect$$libinit$$00000032)
    __rt_lib_init_exceptions_1               0x0800022f   Thumb Code     0  libinit2.o(.ARM.Collect$$libinit$$00000030)
    __rt_lib_init_fp_trap_1                  0x0800022f   Thumb Code     0  libinit2.o(.ARM.Collect$$libinit$$0000001F)
    __rt_lib_init_getenv_1                   0x0800022f   Thumb Code     0  libinit2.o(.ARM.Collect$$libinit$$00000023)
    __rt_lib_init_lc_numeric_1               0x0800022f   Thumb Code     0  libinit2.o(.ARM.Collect$$libinit$$00000017)
    __rt_lib_init_lc_time_1                  0x0800022f   Thumb Code     0  libinit2.o(.ARM.Collect$$libinit$$00000019)
    __rt_lib_init_return                     0x0800022f   Thumb Code     0  libinit2.o(.ARM.Collect$$libinit$$00000033)
    __rt_lib_init_signal_1                   0x0800022f   Thumb Code     0  libinit2.o(.ARM.Collect$$libinit$$0000001D)
    __rt_lib_init_stdio_1                    0x0800022f   Thumb Code     0  libinit2.o(.ARM.Collect$$libinit$$00000025)
    __rt_lib_shutdown                        0x08000231   Thumb Code     0  libshutdown.o(.ARM.Collect$$libshutdown$$00000000)
    __rt_lib_shutdown_cpp_1                  0x08000233   Thumb Code     0  libshutdown2.o(.ARM.Collect$$libshutdown$$00000004)
    __rt_lib_shutdown_fini_1                 0x08000233   Thumb Code     0  libshutdown2.o(.ARM.Collect$$libshutdown$$00000002)
    __rt_lib_shutdown_fp_trap_1              0x08000233   Thumb Code     0  libshutdown2.o(.ARM.Collect$$libshutdown$$00000009)
    __rt_lib_shutdown_heap_1                 0x08000233   Thumb Code     0  libshutdown2.o(.ARM.Collect$$libshutdown$$00000011)
    __rt_lib_shutdown_return                 0x08000233   Thumb Code     0  libshutdown2.o(.ARM.Collect$$libshutdown$$00000012)
    __rt_lib_shutdown_signal_1               0x08000233   Thumb Code     0  libshutdown2.o(.ARM.Collect$$libshutdown$$0000000C)
    __rt_lib_shutdown_stdio_1                0x08000233   Thumb Code     0  libshutdown2.o(.ARM.Collect$$libshutdown$$00000006)
    __rt_lib_shutdown_user_alloc_1           0x08000233   Thumb Code     0  libshutdown2.o(.ARM.Collect$$libshutdown$$0000000E)
    __rt_entry                               0x08000235   Thumb Code     0  __rtentry.o(.ARM.Collect$$rtentry$$00000000)
    __rt_entry_presh_1                       0x08000235   Thumb Code     0  __rtentry2.o(.ARM.Collect$$rtentry$$00000002)
    __rt_entry_sh                            0x08000235   Thumb Code     0  __rtentry4.o(.ARM.Collect$$rtentry$$00000004)
    __rt_entry_li                            0x0800023b   Thumb Code     0  __rtentry2.o(.ARM.Collect$$rtentry$$0000000A)
    __rt_entry_postsh_1                      0x0800023b   Thumb Code     0  __rtentry2.o(.ARM.Collect$$rtentry$$00000009)
    __rt_entry_main                          0x0800023f   Thumb Code     0  __rtentry2.o(.ARM.Collect$$rtentry$$0000000D)
    __rt_entry_postli_1                      0x0800023f   Thumb Code     0  __rtentry2.o(.ARM.Collect$$rtentry$$0000000C)
    __rt_exit                                0x08000247   Thumb Code     0  rtexit.o(.ARM.Collect$$rtexit$$00000000)
    __rt_exit_ls                             0x08000249   Thumb Code     0  rtexit2.o(.ARM.Collect$$rtexit$$00000003)
    __rt_exit_prels_1                        0x08000249   Thumb Code     0  rtexit2.o(.ARM.Collect$$rtexit$$00000002)
    __rt_exit_exit                           0x0800024d   Thumb Code     0  rtexit2.o(.ARM.Collect$$rtexit$$00000004)
    Reset_Handler                            0x08000255   Thumb Code     8  startup_stm32f405xx.o(.text)
    ADC_IRQHandler                           0x0800026f   Thumb Code     0  startup_stm32f405xx.o(.text)
    CAN1_RX0_IRQHandler                      0x0800026f   Thumb Code     0  startup_stm32f405xx.o(.text)
    CAN1_RX1_IRQHandler                      0x0800026f   Thumb Code     0  startup_stm32f405xx.o(.text)
    CAN1_SCE_IRQHandler                      0x0800026f   Thumb Code     0  startup_stm32f405xx.o(.text)
    CAN1_TX_IRQHandler                       0x0800026f   Thumb Code     0  startup_stm32f405xx.o(.text)
    CAN2_RX0_IRQHandler                      0x0800026f   Thumb Code     0  startup_stm32f405xx.o(.text)
    CAN2_RX1_IRQHandler                      0x0800026f   Thumb Code     0  startup_stm32f405xx.o(.text)
    CAN2_SCE_IRQHandler                      0x0800026f   Thumb Code     0  startup_stm32f405xx.o(.text)
    CAN2_TX_IRQHandler                       0x0800026f   Thumb Code     0  startup_stm32f405xx.o(.text)
    DMA1_Stream0_IRQHandler                  0x0800026f   Thumb Code     0  startup_stm32f405xx.o(.text)
    DMA1_Stream1_IRQHandler                  0x0800026f   Thumb Code     0  startup_stm32f405xx.o(.text)
    DMA1_Stream2_IRQHandler                  0x0800026f   Thumb Code     0  startup_stm32f405xx.o(.text)
    DMA1_Stream3_IRQHandler                  0x0800026f   Thumb Code     0  startup_stm32f405xx.o(.text)
    DMA1_Stream4_IRQHandler                  0x0800026f   Thumb Code     0  startup_stm32f405xx.o(.text)
    DMA1_Stream7_IRQHandler                  0x0800026f   Thumb Code     0  startup_stm32f405xx.o(.text)
    DMA2_Stream0_IRQHandler                  0x0800026f   Thumb Code     0  startup_stm32f405xx.o(.text)
    DMA2_Stream1_IRQHandler                  0x0800026f   Thumb Code     0  startup_stm32f405xx.o(.text)
    DMA2_Stream3_IRQHandler                  0x0800026f   Thumb Code     0  startup_stm32f405xx.o(.text)
    DMA2_Stream4_IRQHandler                  0x0800026f   Thumb Code     0  startup_stm32f405xx.o(.text)
    DMA2_Stream5_IRQHandler                  0x0800026f   Thumb Code     0  startup_stm32f405xx.o(.text)
    DMA2_Stream6_IRQHandler                  0x0800026f   Thumb Code     0  startup_stm32f405xx.o(.text)
    EXTI0_IRQHandler                         0x0800026f   Thumb Code     0  startup_stm32f405xx.o(.text)
    EXTI15_10_IRQHandler                     0x0800026f   Thumb Code     0  startup_stm32f405xx.o(.text)
    EXTI1_IRQHandler                         0x0800026f   Thumb Code     0  startup_stm32f405xx.o(.text)
    EXTI2_IRQHandler                         0x0800026f   Thumb Code     0  startup_stm32f405xx.o(.text)
    EXTI3_IRQHandler                         0x0800026f   Thumb Code     0  startup_stm32f405xx.o(.text)
    EXTI4_IRQHandler                         0x0800026f   Thumb Code     0  startup_stm32f405xx.o(.text)
    EXTI9_5_IRQHandler                       0x0800026f   Thumb Code     0  startup_stm32f405xx.o(.text)
    FLASH_IRQHandler                         0x0800026f   Thumb Code     0  startup_stm32f405xx.o(.text)
    FMC_IRQHandler                           0x0800026f   Thumb Code     0  startup_stm32f405xx.o(.text)
    FPU_IRQHandler                           0x0800026f   Thumb Code     0  startup_stm32f405xx.o(.text)
    HASH_RNG_IRQHandler                      0x0800026f   Thumb Code     0  startup_stm32f405xx.o(.text)
    I2C1_ER_IRQHandler                       0x0800026f   Thumb Code     0  startup_stm32f405xx.o(.text)
    I2C1_EV_IRQHandler                       0x0800026f   Thumb Code     0  startup_stm32f405xx.o(.text)
    I2C2_ER_IRQHandler                       0x0800026f   Thumb Code     0  startup_stm32f405xx.o(.text)
    I2C2_EV_IRQHandler                       0x0800026f   Thumb Code     0  startup_stm32f405xx.o(.text)
    I2C3_ER_IRQHandler                       0x0800026f   Thumb Code     0  startup_stm32f405xx.o(.text)
    I2C3_EV_IRQHandler                       0x0800026f   Thumb Code     0  startup_stm32f405xx.o(.text)
    OTG_FS_IRQHandler                        0x0800026f   Thumb Code     0  startup_stm32f405xx.o(.text)
    OTG_FS_WKUP_IRQHandler                   0x0800026f   Thumb Code     0  startup_stm32f405xx.o(.text)
    OTG_HS_EP1_IN_IRQHandler                 0x0800026f   Thumb Code     0  startup_stm32f405xx.o(.text)
    OTG_HS_EP1_OUT_IRQHandler                0x0800026f   Thumb Code     0  startup_stm32f405xx.o(.text)
    OTG_HS_IRQHandler                        0x0800026f   Thumb Code     0  startup_stm32f405xx.o(.text)
    OTG_HS_WKUP_IRQHandler                   0x0800026f   Thumb Code     0  startup_stm32f405xx.o(.text)
    PVD_IRQHandler                           0x0800026f   Thumb Code     0  startup_stm32f405xx.o(.text)
    RCC_IRQHandler                           0x0800026f   Thumb Code     0  startup_stm32f405xx.o(.text)
    RTC_Alarm_IRQHandler                     0x0800026f   Thumb Code     0  startup_stm32f405xx.o(.text)
    RTC_WKUP_IRQHandler                      0x0800026f   Thumb Code     0  startup_stm32f405xx.o(.text)
    SDIO_IRQHandler                          0x0800026f   Thumb Code     0  startup_stm32f405xx.o(.text)
    SPI1_IRQHandler                          0x0800026f   Thumb Code     0  startup_stm32f405xx.o(.text)
    SPI2_IRQHandler                          0x0800026f   Thumb Code     0  startup_stm32f405xx.o(.text)
    SPI3_IRQHandler                          0x0800026f   Thumb Code     0  startup_stm32f405xx.o(.text)
    TAMP_STAMP_IRQHandler                    0x0800026f   Thumb Code     0  startup_stm32f405xx.o(.text)
    TIM1_BRK_TIM9_IRQHandler                 0x0800026f   Thumb Code     0  startup_stm32f405xx.o(.text)
    TIM1_CC_IRQHandler                       0x0800026f   Thumb Code     0  startup_stm32f405xx.o(.text)
    TIM1_TRG_COM_TIM11_IRQHandler            0x0800026f   Thumb Code     0  startup_stm32f405xx.o(.text)
    TIM1_UP_TIM10_IRQHandler                 0x0800026f   Thumb Code     0  startup_stm32f405xx.o(.text)
    TIM2_IRQHandler                          0x0800026f   Thumb Code     0  startup_stm32f405xx.o(.text)
    TIM3_IRQHandler                          0x0800026f   Thumb Code     0  startup_stm32f405xx.o(.text)
    TIM4_IRQHandler                          0x0800026f   Thumb Code     0  startup_stm32f405xx.o(.text)
    TIM6_DAC_IRQHandler                      0x0800026f   Thumb Code     0  startup_stm32f405xx.o(.text)
    TIM7_IRQHandler                          0x0800026f   Thumb Code     0  startup_stm32f405xx.o(.text)
    TIM8_BRK_TIM12_IRQHandler                0x0800026f   Thumb Code     0  startup_stm32f405xx.o(.text)
    TIM8_CC_IRQHandler                       0x0800026f   Thumb Code     0  startup_stm32f405xx.o(.text)
    TIM8_TRG_COM_TIM14_IRQHandler            0x0800026f   Thumb Code     0  startup_stm32f405xx.o(.text)
    TIM8_UP_TIM13_IRQHandler                 0x0800026f   Thumb Code     0  startup_stm32f405xx.o(.text)
    UART4_IRQHandler                         0x0800026f   Thumb Code     0  startup_stm32f405xx.o(.text)
    UART5_IRQHandler                         0x0800026f   Thumb Code     0  startup_stm32f405xx.o(.text)
    USART3_IRQHandler                        0x0800026f   Thumb Code     0  startup_stm32f405xx.o(.text)
    USART6_IRQHandler                        0x0800026f   Thumb Code     0  startup_stm32f405xx.o(.text)
    WWDG_IRQHandler                          0x0800026f   Thumb Code     0  startup_stm32f405xx.o(.text)
    __user_initial_stackheap                 0x08000271   Thumb Code     0  startup_stm32f405xx.o(.text)
    __aeabi_uldivmod                         0x08000295   Thumb Code     0  lludivv7m.o(.text)
    _ll_udiv                                 0x08000295   Thumb Code   238  lludivv7m.o(.text)
    __2printf                                0x08000385   Thumb Code    20  noretval__2printf.o(.text)
    _printf_pre_padding                      0x0800039d   Thumb Code    44  _printf_pad.o(.text)
    _printf_post_padding                     0x080003c9   Thumb Code    34  _printf_pad.o(.text)
    _printf_str                              0x080003eb   Thumb Code    82  _printf_str.o(.text)
    _printf_int_dec                          0x0800043d   Thumb Code   104  _printf_dec.o(.text)
    _printf_int_hex                          0x080004b5   Thumb Code    84  _printf_hex_int.o(.text)
    _printf_longlong_hex                     0x080004b5   Thumb Code     0  _printf_hex_int.o(.text)
    __printf                                 0x0800050d   Thumb Code   308  __printf_flags_wp.o(.text)
    __aeabi_memclr                           0x08000645   Thumb Code     0  rt_memclr.o(.text)
    __rt_memclr                              0x08000645   Thumb Code    68  rt_memclr.o(.text)
    _memset                                  0x08000649   Thumb Code     0  rt_memclr.o(.text)
    __aeabi_memclr4                          0x08000689   Thumb Code     0  rt_memclr_w.o(.text)
    __aeabi_memclr8                          0x08000689   Thumb Code     0  rt_memclr_w.o(.text)
    __rt_memclr_w                            0x08000689   Thumb Code    78  rt_memclr_w.o(.text)
    _memset_w                                0x0800068d   Thumb Code     0  rt_memclr_w.o(.text)
    __use_two_region_memory                  0x080006d7   Thumb Code     2  heapauxi.o(.text)
    __rt_heap_escrow$2region                 0x080006d9   Thumb Code     2  heapauxi.o(.text)
    __rt_heap_expand$2region                 0x080006db   Thumb Code     2  heapauxi.o(.text)
    _printf_int_common                       0x080006dd   Thumb Code   178  _printf_intcommon.o(.text)
    __lib_sel_fp_printf                      0x0800078f   Thumb Code     2  _printf_fp_dec.o(.text)
    _printf_fp_dec_real                      0x08000941   Thumb Code   620  _printf_fp_dec.o(.text)
    _printf_cs_common                        0x08000bad   Thumb Code    20  _printf_char.o(.text)
    _printf_char                             0x08000bc1   Thumb Code    16  _printf_char.o(.text)
    _printf_string                           0x08000bd1   Thumb Code     8  _printf_char.o(.text)
    _printf_char_file                        0x08000bd9   Thumb Code    32  _printf_char_file.o(.text)
    __rt_locale                              0x08000bfd   Thumb Code     8  rt_locale_intlibspace.o(.text)
    _ll_udiv10                               0x08000c05   Thumb Code   138  lludiv10.o(.text)
    _printf_char_common                      0x08000c9b   Thumb Code    32  _printf_char_common.o(.text)
    _printf_fp_infnan                        0x08000cc1   Thumb Code   112  _printf_fp_infnan.o(.text)
    _btod_etento                             0x08000d41   Thumb Code   224  bigflt0.o(.text)
    ferror                                   0x08000e25   Thumb Code     8  ferror.o(.text)
    __user_libspace                          0x08000e2d   Thumb Code     8  libspace.o(.text)
    __user_perproc_libspace                  0x08000e2d   Thumb Code     0  libspace.o(.text)
    __user_perthread_libspace                0x08000e2d   Thumb Code     0  libspace.o(.text)
    __user_setup_stackheap                   0x08000e35   Thumb Code    74  sys_stackheap_outer.o(.text)
    exit                                     0x08000e7f   Thumb Code    18  exit.o(.text)
    strcmp                                   0x08000e91   Thumb Code   128  strcmpv7m.o(.text)
    _sys_exit                                0x08000f11   Thumb Code     8  sys_exit.o(.text)
    __I$use$semihosting                      0x08000f1d   Thumb Code     0  use_no_semi.o(.text)
    __use_no_semihosting_swi                 0x08000f1d   Thumb Code     2  use_no_semi.o(.text)
    __semihosting_library_function           0x08000f1f   Thumb Code     0  indicate_semi.o(.text)
    _btod_d2e                                0x08000f1f   Thumb Code    62  btod.o(CL$$btod_d2e)
    _d2e_denorm_low                          0x08000f5d   Thumb Code    70  btod.o(CL$$btod_d2e_denorm_low)
    _d2e_norm_op1                            0x08000fa3   Thumb Code    96  btod.o(CL$$btod_d2e_norm_op1)
    __btod_div_common                        0x08001003   Thumb Code   696  btod.o(CL$$btod_div_common)
    _e2e                                     0x0800133b   Thumb Code   220  btod.o(CL$$btod_e2e)
    _btod_ediv                               0x08001417   Thumb Code    42  btod.o(CL$$btod_ediv)
    _btod_emul                               0x08001441   Thumb Code    42  btod.o(CL$$btod_emul)
    __btod_mult_common                       0x0800146b   Thumb Code   580  btod.o(CL$$btod_mult_common)
    BL_command_getDeviceID                   0x080016b1   Thumb Code    82  bl_command.o(i.BL_command_getDeviceID)
    BL_command_getInfomation                 0x08001735   Thumb Code   162  bl_command.o(i.BL_command_getInfomation)
    BL_command_getVersion                    0x080017dd   Thumb Code    68  bl_command.o(i.BL_command_getVersion)
    BL_command_init                          0x08001825   Thumb Code     2  bl_command.o(i.BL_command_init)
    BL_command_process                       0x08001829   Thumb Code   278  bl_command.o(i.BL_command_process)
    BL_readAndWriteCallBack                  0x08001c05   Thumb Code    84  bl_command.o(i.BL_readAndWriteCallBack)
    BusFault_Handler                         0x080020f7   Thumb Code     4  stm32f4xx_it.o(i.BusFault_Handler)
    DMA1_Stream5_IRQHandler                  0x080020fd   Thumb Code    10  stm32f4xx_it.o(i.DMA1_Stream5_IRQHandler)
    DMA1_Stream6_IRQHandler                  0x0800210d   Thumb Code    10  stm32f4xx_it.o(i.DMA1_Stream6_IRQHandler)
    DMA2_Stream2_IRQHandler                  0x0800211d   Thumb Code    10  stm32f4xx_it.o(i.DMA2_Stream2_IRQHandler)
    DMA2_Stream7_IRQHandler                  0x0800212d   Thumb Code    10  stm32f4xx_it.o(i.DMA2_Stream7_IRQHandler)
    DebugMon_Handler                         0x08002247   Thumb Code     2  stm32f4xx_it.o(i.DebugMon_Handler)
    Error_Handler                            0x08002249   Thumb Code     6  main.o(i.Error_Handler)
    HAL_DMA_Abort                            0x0800224f   Thumb Code   172  stm32f4xx_hal_dma.o(i.HAL_DMA_Abort)
    HAL_DMA_Abort_IT                         0x080022fb   Thumb Code    40  stm32f4xx_hal_dma.o(i.HAL_DMA_Abort_IT)
    HAL_DMA_IRQHandler                       0x08002325   Thumb Code   570  stm32f4xx_hal_dma.o(i.HAL_DMA_IRQHandler)
    HAL_DMA_Init                             0x08002565   Thumb Code   232  stm32f4xx_hal_dma.o(i.HAL_DMA_Init)
    HAL_DMA_Start_IT                         0x08002651   Thumb Code   146  stm32f4xx_hal_dma.o(i.HAL_DMA_Start_IT)
    HAL_Delay                                0x080026e5   Thumb Code    36  stm32f4xx_hal.o(i.HAL_Delay)
    HAL_GPIO_Init                            0x0800270d   Thumb Code   452  stm32f4xx_hal_gpio.o(i.HAL_GPIO_Init)
    HAL_GPIO_TogglePin                       0x080028fd   Thumb Code    20  stm32f4xx_hal_gpio.o(i.HAL_GPIO_TogglePin)
    HAL_GPIO_WritePin                        0x08002911   Thumb Code    12  stm32f4xx_hal_gpio.o(i.HAL_GPIO_WritePin)
    HAL_GetTick                              0x0800291d   Thumb Code     6  stm32f4xx_hal.o(i.HAL_GetTick)
    HAL_IncTick                              0x08002929   Thumb Code    16  stm32f4xx_hal.o(i.HAL_IncTick)
    HAL_Init                                 0x08002941   Thumb Code    54  stm32f4xx_hal.o(i.HAL_Init)
    HAL_InitTick                             0x0800297d   Thumb Code    64  stm32f4xx_hal.o(i.HAL_InitTick)
    HAL_MspInit                              0x080029c9   Thumb Code    68  stm32f4xx_hal_msp.o(i.HAL_MspInit)
    HAL_NVIC_EnableIRQ                       0x08002a11   Thumb Code    32  stm32f4xx_hal_cortex.o(i.HAL_NVIC_EnableIRQ)
    HAL_NVIC_SetPriority                     0x08002a31   Thumb Code   124  stm32f4xx_hal_cortex.o(i.HAL_NVIC_SetPriority)
    HAL_NVIC_SetPriorityGrouping             0x08002aad   Thumb Code    32  stm32f4xx_hal_cortex.o(i.HAL_NVIC_SetPriorityGrouping)
    HAL_RCC_ClockConfig                      0x08002ad5   Thumb Code   368  stm32f4xx_hal_rcc.o(i.HAL_RCC_ClockConfig)
    HAL_RCC_GetHCLKFreq                      0x08002c59   Thumb Code     6  stm32f4xx_hal_rcc.o(i.HAL_RCC_GetHCLKFreq)
    HAL_RCC_GetPCLK1Freq                     0x08002c65   Thumb Code    22  stm32f4xx_hal_rcc.o(i.HAL_RCC_GetPCLK1Freq)
    HAL_RCC_GetPCLK2Freq                     0x08002c85   Thumb Code    22  stm32f4xx_hal_rcc.o(i.HAL_RCC_GetPCLK2Freq)
    HAL_RCC_GetSysClockFreq                  0x08002ca5   Thumb Code   162  stm32f4xx_hal_rcc.o(i.HAL_RCC_GetSysClockFreq)
    HAL_RCC_OscConfig                        0x08002d55   Thumb Code  1172  stm32f4xx_hal_rcc.o(i.HAL_RCC_OscConfig)
    HAL_SYSTICK_Config                       0x080031f1   Thumb Code    52  stm32f4xx_hal_cortex.o(i.HAL_SYSTICK_Config)
    HAL_TIMEx_BreakCallback                  0x08003225   Thumb Code     2  stm32f4xx_hal_tim_ex.o(i.HAL_TIMEx_BreakCallback)
    HAL_TIMEx_CommutCallback                 0x08003227   Thumb Code     2  stm32f4xx_hal_tim_ex.o(i.HAL_TIMEx_CommutCallback)
    HAL_TIMEx_MasterConfigSynchronization    0x08003229   Thumb Code   150  stm32f4xx_hal_tim_ex.o(i.HAL_TIMEx_MasterConfigSynchronization)
    HAL_TIM_Base_Init                        0x080032dd   Thumb Code   102  stm32f4xx_hal_tim.o(i.HAL_TIM_Base_Init)
    HAL_TIM_Base_MspInit                     0x08003345   Thumb Code   176  stm32f4xx_hal_msp.o(i.HAL_TIM_Base_MspInit)
    HAL_TIM_ConfigClockSource                0x08003401   Thumb Code   268  stm32f4xx_hal_tim.o(i.HAL_TIM_ConfigClockSource)
    HAL_TIM_IC_CaptureCallback               0x0800350d   Thumb Code   124  pwmcommon.o(i.HAL_TIM_IC_CaptureCallback)
    HAL_TIM_IC_ConfigChannel                 0x08003595   Thumb Code   222  stm32f4xx_hal_tim.o(i.HAL_TIM_IC_ConfigChannel)
    HAL_TIM_IC_Init                          0x08003673   Thumb Code   102  stm32f4xx_hal_tim.o(i.HAL_TIM_IC_Init)
    HAL_TIM_IC_MspInit                       0x080036d9   Thumb Code     2  stm32f4xx_hal_tim.o(i.HAL_TIM_IC_MspInit)
    HAL_TIM_IRQHandler                       0x080036db   Thumb Code   406  stm32f4xx_hal_tim.o(i.HAL_TIM_IRQHandler)
    HAL_TIM_OC_DelayElapsedCallback          0x08003871   Thumb Code     2  stm32f4xx_hal_tim.o(i.HAL_TIM_OC_DelayElapsedCallback)
    HAL_TIM_PWM_PulseFinishedCallback        0x08003873   Thumb Code     2  stm32f4xx_hal_tim.o(i.HAL_TIM_PWM_PulseFinishedCallback)
    HAL_TIM_PeriodElapsedCallback            0x08003875   Thumb Code     2  stm32f4xx_hal_tim.o(i.HAL_TIM_PeriodElapsedCallback)
    HAL_TIM_ReadCapturedValue                0x08003877   Thumb Code    50  stm32f4xx_hal_tim.o(i.HAL_TIM_ReadCapturedValue)
    HAL_TIM_TriggerCallback                  0x080038a9   Thumb Code     2  stm32f4xx_hal_tim.o(i.HAL_TIM_TriggerCallback)
    HAL_UARTEx_RxEventCallback               0x080038ab   Thumb Code     2  stm32f4xx_hal_uart.o(i.HAL_UARTEx_RxEventCallback)
    HAL_UART_ErrorCallback                   0x080038ad   Thumb Code     2  stm32f4xx_hal_uart.o(i.HAL_UART_ErrorCallback)
    HAL_UART_IRQHandler                      0x080038b1   Thumb Code   732  stm32f4xx_hal_uart.o(i.HAL_UART_IRQHandler)
    HAL_UART_Init                            0x08003b91   Thumb Code   114  stm32f4xx_hal_uart.o(i.HAL_UART_Init)
    HAL_UART_MspInit                         0x08003c05   Thumb Code   520  stm32f4xx_hal_msp.o(i.HAL_UART_MspInit)
    HAL_UART_Receive_DMA                     0x08003e35   Thumb Code    66  stm32f4xx_hal_uart.o(i.HAL_UART_Receive_DMA)
    HAL_UART_RxCpltCallback                  0x08003e79   Thumb Code    28  serialcommon.o(i.HAL_UART_RxCpltCallback)
    HAL_UART_RxHalfCpltCallback              0x08003e9d   Thumb Code     2  stm32f4xx_hal_uart.o(i.HAL_UART_RxHalfCpltCallback)
    HAL_UART_Transmit                        0x08003e9f   Thumb Code   210  stm32f4xx_hal_uart.o(i.HAL_UART_Transmit)
    HAL_UART_Transmit_DMA                    0x08003f71   Thumb Code   160  stm32f4xx_hal_uart.o(i.HAL_UART_Transmit_DMA)
    HAL_UART_TxCpltCallback                  0x0800401d   Thumb Code    28  serialcommon.o(i.HAL_UART_TxCpltCallback)
    HAL_UART_TxHalfCpltCallback              0x08004041   Thumb Code     2  stm32f4xx_hal_uart.o(i.HAL_UART_TxHalfCpltCallback)
    HardFault_Handler                        0x08004043   Thumb Code     4  stm32f4xx_it.o(i.HardFault_Handler)
    MemManage_Handler                        0x0800432d   Thumb Code     4  stm32f4xx_it.o(i.MemManage_Handler)
    NMI_Handler                              0x08004331   Thumb Code     4  stm32f4xx_it.o(i.NMI_Handler)
    PendSV_Handler                           0x08004335   Thumb Code     2  stm32f4xx_it.o(i.PendSV_Handler)
    SVC_Handler                              0x08004337   Thumb Code     2  stm32f4xx_it.o(i.SVC_Handler)
    SysTick_Handler                          0x08004339   Thumb Code     8  stm32f4xx_it.o(i.SysTick_Handler)
    SystemClock_Config                       0x08004341   Thumb Code   170  main.o(i.SystemClock_Config)
    SystemInit                               0x080043f5   Thumb Code    14  system_stm32f4xx.o(i.SystemInit)
    TIM5_IRQHandler                          0x08004409   Thumb Code    10  stm32f4xx_it.o(i.TIM5_IRQHandler)
    TIM_Base_SetConfig                       0x08004419   Thumb Code   170  stm32f4xx_hal_tim.o(i.TIM_Base_SetConfig)
    TIM_ETR_SetConfig                        0x080044f1   Thumb Code    22  stm32f4xx_hal_tim.o(i.TIM_ETR_SetConfig)
    TIM_TI1_SetConfig                        0x08004541   Thumb Code   114  stm32f4xx_hal_tim.o(i.TIM_TI1_SetConfig)
    UART_Start_Receive_DMA                   0x08004c19   Thumb Code   192  stm32f4xx_hal_uart.o(i.UART_Start_Receive_DMA)
    USART1_IRQHandler                        0x08004dd9   Thumb Code    10  stm32f4xx_it.o(i.USART1_IRQHandler)
    USART2_IRQHandler                        0x08004de9   Thumb Code    10  stm32f4xx_it.o(i.USART2_IRQHandler)
    UsageFault_Handler                       0x08004df9   Thumb Code     4  stm32f4xx_it.o(i.UsageFault_Handler)
    __ARM_fpclassify                         0x08004dfd   Thumb Code    48  fpclassify.o(i.__ARM_fpclassify)
    _is_digit                                0x08004e65   Thumb Code    14  __printf_wp.o(i._is_digit)
    fputc                                    0x08004e75   Thumb Code    22  serialcommon.o(i.fputc)
    hostBootLoader_deviceReady               0x08004e91   Thumb Code    88  hostbootloader.o(i.hostBootLoader_deviceReady)
    hostBootLoader_init                      0x08004ef1   Thumb Code    82  hostbootloader.o(i.hostBootLoader_init)
    hostBootLoader_process                   0x08004f4d   Thumb Code    10  hostbootloader.o(i.hostBootLoader_process)
    hostBootLoader_readCallBacl              0x08004f5d   Thumb Code    36  hostbootloader.o(i.hostBootLoader_readCallBacl)
    main                                     0x08004fc5   Thumb Code    48  main.o(i.main)
    serialCommon_init                        0x08004ffd   Thumb Code     6  serialcommon.o(i.serialCommon_init)
    serialCommon_readData                    0x08005009   Thumb Code    52  serialcommon.o(i.serialCommon_readData)
    serialCommon_sendData                    0x08005045   Thumb Code    42  serialcommon.o(i.serialCommon_sendData)
    serialConsole_init                       0x08005079   Thumb Code     6  serialcommon.o(i.serialConsole_init)
    _get_lc_numeric                          0x08005085   Thumb Code    44  lc_numeric_c.o(locale$$code)
    __fpl_dretinf                            0x080050b1   Thumb Code    12  dretinf.o(x$fpl$dretinf)
    __aeabi_f2d                              0x080050bd   Thumb Code     0  f2d.o(x$fpl$f2d)
    _f2d                                     0x080050bd   Thumb Code    86  f2d.o(x$fpl$f2d)
    __fpl_fnaninf                            0x08005113   Thumb Code   140  fnaninf.o(x$fpl$fnaninf)
    _fp_init                                 0x0800519f   Thumb Code    10  fpinit.o(x$fpl$fpinit)
    __fplib_config_fpu_vfp                   0x080051a7   Thumb Code     0  fpinit.o(x$fpl$fpinit)
    __fplib_config_pureend_doubles           0x080051a7   Thumb Code     0  fpinit.o(x$fpl$fpinit)
    _printf_fp_dec                           0x080051a9   Thumb Code     4  printf1.o(x$fpl$printf1)
    __I$use$fp                               0x080051ac   Number         0  usenofp.o(x$fpl$usenofp)
    AHBPrescTable                            0x080051c9   Data          16  system_stm32f4xx.o(.constdata)
    APBPrescTable                            0x080051d9   Data           8  system_stm32f4xx.o(.constdata)
    Region$$Table$$Base                      0x0800546c   Number         0  anon$$obj.o(Region$$Table)
    Region$$Table$$Limit                     0x0800548c   Number         0  anon$$obj.o(Region$$Table)
    huartCommon                              0x20000010   Data           4  serialcommon.o(.data)
    huartConsole                             0x20000014   Data           4  serialcommon.o(.data)
    txComplete                               0x20000018   Data           1  serialcommon.o(.data)
    rxComplete                               0x20000019   Data           1  serialcommon.o(.data)
    __stdout                                 0x2000001c   Data           4  serialcommon.o(.data)
    htimPwmOut                               0x20000020   Data           4  pwmcommon.o(.data)
    htimPwmIn                                0x20000024   Data           4  pwmcommon.o(.data)
    frequency                                0x20000028   Data           4  pwmcommon.o(.data)
    caculatorFqComplete                      0x2000002c   Data           1  pwmcommon.o(.data)
    uwTick                                   0x20000030   Data           4  stm32f4xx_hal.o(.data)
    uwTickPrio                               0x20000034   Data           4  stm32f4xx_hal.o(.data)
    uwTickFreq                               0x20000038   Data           1  stm32f4xx_hal.o(.data)
    SystemCoreClock                          0x2000003c   Data           4  system_stm32f4xx.o(.data)
    htim2                                    0x20000040   Data          72  main.o(.bss)
    htim5                                    0x20000088   Data          72  main.o(.bss)
    huart1                                   0x200000d0   Data          68  main.o(.bss)
    huart2                                   0x20000114   Data          68  main.o(.bss)
    hdma_usart1_tx                           0x20000158   Data          96  main.o(.bss)
    hdma_usart1_rx                           0x200001b8   Data          96  main.o(.bss)
    hdma_usart2_tx                           0x20000218   Data          96  main.o(.bss)
    hdma_usart2_rx                           0x20000278   Data          96  main.o(.bss)
    command                                  0x200002d8   Data         274  hostbootloader.o(.bss)
    __libspace_start                         0x200003ec   Data          96  libspace.o(.bss)
    __temporary_stack_top$libspace           0x2000044c   Data           0  libspace.o(.bss)



==============================================================================

Memory Map of the image

  Image Entry point : 0x08000189

  Load Region LR_IROM1 (Base: 0x08000000, Size: 0x000054e8, Max: 0x00100000, ABSOLUTE)

    Execution Region ER_IROM1 (Exec base: 0x08000000, Load base: 0x08000000, Size: 0x000054a8, Max: 0x00100000, ABSOLUTE)

    Exec Addr    Load Addr    Size         Type   Attr      Idx    E Section Name        Object

    0x08000000   0x08000000   0x00000188   Data   RO            3    RESET               startup_stm32f405xx.o
    0x08000188   0x08000188   0x00000008   Code   RO         3311  * !!!main             c_w.l(__main.o)
    0x08000190   0x08000190   0x00000034   Code   RO         3549    !!!scatter          c_w.l(__scatter.o)
    0x080001c4   0x080001c4   0x0000001a   Code   RO         3551    !!handler_copy      c_w.l(__scatter_copy.o)
    0x080001de   0x080001de   0x00000002   PAD
    0x080001e0   0x080001e0   0x0000001c   Code   RO         3553    !!handler_zi        c_w.l(__scatter_zi.o)
    0x080001fc   0x080001fc   0x00000000   Code   RO         3304    .ARM.Collect$$_printf_percent$$00000000  c_w.l(_printf_percent.o)
    0x080001fc   0x080001fc   0x00000006   Code   RO         3303    .ARM.Collect$$_printf_percent$$00000003  c_w.l(_printf_f.o)
    0x08000202   0x08000202   0x00000006   Code   RO         3302    .ARM.Collect$$_printf_percent$$00000009  c_w.l(_printf_d.o)
    0x08000208   0x08000208   0x00000006   Code   RO         3301    .ARM.Collect$$_printf_percent$$0000000C  c_w.l(_printf_x.o)
    0x0800020e   0x0800020e   0x00000006   Code   RO         3300    .ARM.Collect$$_printf_percent$$00000014  c_w.l(_printf_s.o)
    0x08000214   0x08000214   0x00000004   Code   RO         3330    .ARM.Collect$$_printf_percent$$00000017  c_w.l(_printf_percent_end.o)
    0x08000218   0x08000218   0x00000002   Code   RO         3420    .ARM.Collect$$libinit$$00000000  c_w.l(libinit.o)
    0x0800021a   0x0800021a   0x00000004   Code   RO         3421    .ARM.Collect$$libinit$$00000001  c_w.l(libinit2.o)
    0x0800021e   0x0800021e   0x00000000   Code   RO         3424    .ARM.Collect$$libinit$$00000004  c_w.l(libinit2.o)
    0x0800021e   0x0800021e   0x00000000   Code   RO         3427    .ARM.Collect$$libinit$$0000000A  c_w.l(libinit2.o)
    0x0800021e   0x0800021e   0x00000000   Code   RO         3429    .ARM.Collect$$libinit$$0000000C  c_w.l(libinit2.o)
    0x0800021e   0x0800021e   0x00000000   Code   RO         3431    .ARM.Collect$$libinit$$0000000E  c_w.l(libinit2.o)
    0x0800021e   0x0800021e   0x00000006   Code   RO         3432    .ARM.Collect$$libinit$$0000000F  c_w.l(libinit2.o)
    0x08000224   0x08000224   0x00000000   Code   RO         3434    .ARM.Collect$$libinit$$00000011  c_w.l(libinit2.o)
    0x08000224   0x08000224   0x00000000   Code   RO         3436    .ARM.Collect$$libinit$$00000013  c_w.l(libinit2.o)
    0x08000224   0x08000224   0x00000000   Code   RO         3438    .ARM.Collect$$libinit$$00000015  c_w.l(libinit2.o)
    0x08000224   0x08000224   0x0000000a   Code   RO         3439    .ARM.Collect$$libinit$$00000016  c_w.l(libinit2.o)
    0x0800022e   0x0800022e   0x00000000   Code   RO         3440    .ARM.Collect$$libinit$$00000017  c_w.l(libinit2.o)
    0x0800022e   0x0800022e   0x00000000   Code   RO         3442    .ARM.Collect$$libinit$$00000019  c_w.l(libinit2.o)
    0x0800022e   0x0800022e   0x00000000   Code   RO         3444    .ARM.Collect$$libinit$$0000001B  c_w.l(libinit2.o)
    0x0800022e   0x0800022e   0x00000000   Code   RO         3446    .ARM.Collect$$libinit$$0000001D  c_w.l(libinit2.o)
    0x0800022e   0x0800022e   0x00000000   Code   RO         3448    .ARM.Collect$$libinit$$0000001F  c_w.l(libinit2.o)
    0x0800022e   0x0800022e   0x00000000   Code   RO         3450    .ARM.Collect$$libinit$$00000021  c_w.l(libinit2.o)
    0x0800022e   0x0800022e   0x00000000   Code   RO         3452    .ARM.Collect$$libinit$$00000023  c_w.l(libinit2.o)
    0x0800022e   0x0800022e   0x00000000   Code   RO         3454    .ARM.Collect$$libinit$$00000025  c_w.l(libinit2.o)
    0x0800022e   0x0800022e   0x00000000   Code   RO         3458    .ARM.Collect$$libinit$$0000002C  c_w.l(libinit2.o)
    0x0800022e   0x0800022e   0x00000000   Code   RO         3460    .ARM.Collect$$libinit$$0000002E  c_w.l(libinit2.o)
    0x0800022e   0x0800022e   0x00000000   Code   RO         3462    .ARM.Collect$$libinit$$00000030  c_w.l(libinit2.o)
    0x0800022e   0x0800022e   0x00000000   Code   RO         3464    .ARM.Collect$$libinit$$00000032  c_w.l(libinit2.o)
    0x0800022e   0x0800022e   0x00000002   Code   RO         3465    .ARM.Collect$$libinit$$00000033  c_w.l(libinit2.o)
    0x08000230   0x08000230   0x00000002   Code   RO         3512    .ARM.Collect$$libshutdown$$00000000  c_w.l(libshutdown.o)
    0x08000232   0x08000232   0x00000000   Code   RO         3530    .ARM.Collect$$libshutdown$$00000002  c_w.l(libshutdown2.o)
    0x08000232   0x08000232   0x00000000   Code   RO         3532    .ARM.Collect$$libshutdown$$00000004  c_w.l(libshutdown2.o)
    0x08000232   0x08000232   0x00000000   Code   RO         3534    .ARM.Collect$$libshutdown$$00000006  c_w.l(libshutdown2.o)
    0x08000232   0x08000232   0x00000000   Code   RO         3537    .ARM.Collect$$libshutdown$$00000009  c_w.l(libshutdown2.o)
    0x08000232   0x08000232   0x00000000   Code   RO         3540    .ARM.Collect$$libshutdown$$0000000C  c_w.l(libshutdown2.o)
    0x08000232   0x08000232   0x00000000   Code   RO         3542    .ARM.Collect$$libshutdown$$0000000E  c_w.l(libshutdown2.o)
    0x08000232   0x08000232   0x00000000   Code   RO         3545    .ARM.Collect$$libshutdown$$00000011  c_w.l(libshutdown2.o)
    0x08000232   0x08000232   0x00000002   Code   RO         3546    .ARM.Collect$$libshutdown$$00000012  c_w.l(libshutdown2.o)
    0x08000234   0x08000234   0x00000000   Code   RO         3317    .ARM.Collect$$rtentry$$00000000  c_w.l(__rtentry.o)
    0x08000234   0x08000234   0x00000000   Code   RO         3337    .ARM.Collect$$rtentry$$00000002  c_w.l(__rtentry2.o)
    0x08000234   0x08000234   0x00000006   Code   RO         3349    .ARM.Collect$$rtentry$$00000004  c_w.l(__rtentry4.o)
    0x0800023a   0x0800023a   0x00000000   Code   RO         3339    .ARM.Collect$$rtentry$$00000009  c_w.l(__rtentry2.o)
    0x0800023a   0x0800023a   0x00000004   Code   RO         3340    .ARM.Collect$$rtentry$$0000000A  c_w.l(__rtentry2.o)
    0x0800023e   0x0800023e   0x00000000   Code   RO         3342    .ARM.Collect$$rtentry$$0000000C  c_w.l(__rtentry2.o)
    0x0800023e   0x0800023e   0x00000008   Code   RO         3343    .ARM.Collect$$rtentry$$0000000D  c_w.l(__rtentry2.o)
    0x08000246   0x08000246   0x00000002   Code   RO         3466    .ARM.Collect$$rtexit$$00000000  c_w.l(rtexit.o)
    0x08000248   0x08000248   0x00000000   Code   RO         3481    .ARM.Collect$$rtexit$$00000002  c_w.l(rtexit2.o)
    0x08000248   0x08000248   0x00000004   Code   RO         3482    .ARM.Collect$$rtexit$$00000003  c_w.l(rtexit2.o)
    0x0800024c   0x0800024c   0x00000006   Code   RO         3483    .ARM.Collect$$rtexit$$00000004  c_w.l(rtexit2.o)
    0x08000252   0x08000252   0x00000002   PAD
    0x08000254   0x08000254   0x00000040   Code   RO            4    .text               startup_stm32f405xx.o
    0x08000294   0x08000294   0x000000ee   Code   RO         3245    .text               c_w.l(lludivv7m.o)
    0x08000382   0x08000382   0x00000002   PAD
    0x08000384   0x08000384   0x00000018   Code   RO         3249    .text               c_w.l(noretval__2printf.o)
    0x0800039c   0x0800039c   0x0000004e   Code   RO         3253    .text               c_w.l(_printf_pad.o)
    0x080003ea   0x080003ea   0x00000052   Code   RO         3255    .text               c_w.l(_printf_str.o)
    0x0800043c   0x0800043c   0x00000078   Code   RO         3257    .text               c_w.l(_printf_dec.o)
    0x080004b4   0x080004b4   0x00000058   Code   RO         3262    .text               c_w.l(_printf_hex_int.o)
    0x0800050c   0x0800050c   0x00000138   Code   RO         3292    .text               c_w.l(__printf_flags_wp.o)
    0x08000644   0x08000644   0x00000044   Code   RO         3305    .text               c_w.l(rt_memclr.o)
    0x08000688   0x08000688   0x0000004e   Code   RO         3307    .text               c_w.l(rt_memclr_w.o)
    0x080006d6   0x080006d6   0x00000006   Code   RO         3309    .text               c_w.l(heapauxi.o)
    0x080006dc   0x080006dc   0x000000b2   Code   RO         3322    .text               c_w.l(_printf_intcommon.o)
    0x0800078e   0x0800078e   0x0000041e   Code   RO         3324    .text               c_w.l(_printf_fp_dec.o)
    0x08000bac   0x08000bac   0x0000002c   Code   RO         3326    .text               c_w.l(_printf_char.o)
    0x08000bd8   0x08000bd8   0x00000024   Code   RO         3328    .text               c_w.l(_printf_char_file.o)
    0x08000bfc   0x08000bfc   0x00000008   Code   RO         3356    .text               c_w.l(rt_locale_intlibspace.o)
    0x08000c04   0x08000c04   0x0000008a   Code   RO         3358    .text               c_w.l(lludiv10.o)
    0x08000c8e   0x08000c8e   0x00000002   PAD
    0x08000c90   0x08000c90   0x00000030   Code   RO         3360    .text               c_w.l(_printf_char_common.o)
    0x08000cc0   0x08000cc0   0x00000080   Code   RO         3362    .text               c_w.l(_printf_fp_infnan.o)
    0x08000d40   0x08000d40   0x000000e4   Code   RO         3364    .text               c_w.l(bigflt0.o)
    0x08000e24   0x08000e24   0x00000008   Code   RO         3389    .text               c_w.l(ferror.o)
    0x08000e2c   0x08000e2c   0x00000008   Code   RO         3400    .text               c_w.l(libspace.o)
    0x08000e34   0x08000e34   0x0000004a   Code   RO         3403    .text               c_w.l(sys_stackheap_outer.o)
    0x08000e7e   0x08000e7e   0x00000012   Code   RO         3407    .text               c_w.l(exit.o)
    0x08000e90   0x08000e90   0x00000080   Code   RO         3413    .text               c_w.l(strcmpv7m.o)
    0x08000f10   0x08000f10   0x0000000c   Code   RO         3478    .text               c_w.l(sys_exit.o)
    0x08000f1c   0x08000f1c   0x00000002   Code   RO         3499    .text               c_w.l(use_no_semi.o)
    0x08000f1e   0x08000f1e   0x00000000   Code   RO         3501    .text               c_w.l(indicate_semi.o)
    0x08000f1e   0x08000f1e   0x0000003e   Code   RO         3367    CL$$btod_d2e        c_w.l(btod.o)
    0x08000f5c   0x08000f5c   0x00000046   Code   RO         3369    CL$$btod_d2e_denorm_low  c_w.l(btod.o)
    0x08000fa2   0x08000fa2   0x00000060   Code   RO         3368    CL$$btod_d2e_norm_op1  c_w.l(btod.o)
    0x08001002   0x08001002   0x00000338   Code   RO         3377    CL$$btod_div_common  c_w.l(btod.o)
    0x0800133a   0x0800133a   0x000000dc   Code   RO         3374    CL$$btod_e2e        c_w.l(btod.o)
    0x08001416   0x08001416   0x0000002a   Code   RO         3371    CL$$btod_ediv       c_w.l(btod.o)
    0x08001440   0x08001440   0x0000002a   Code   RO         3370    CL$$btod_emul       c_w.l(btod.o)
    0x0800146a   0x0800146a   0x00000244   Code   RO         3376    CL$$btod_mult_common  c_w.l(btod.o)
    0x080016ae   0x080016ae   0x00000002   PAD
    0x080016b0   0x080016b0   0x00000084   Code   RO          414    i.BL_command_getDeviceID  bl_command.o
    0x08001734   0x08001734   0x000000a8   Code   RO          415    i.BL_command_getInfomation  bl_command.o
    0x080017dc   0x080017dc   0x00000048   Code   RO          416    i.BL_command_getVersion  bl_command.o
    0x08001824   0x08001824   0x00000002   Code   RO          417    i.BL_command_init   bl_command.o
    0x08001826   0x08001826   0x00000002   PAD
    0x08001828   0x08001828   0x0000016c   Code   RO          418    i.BL_command_process  bl_command.o
    0x08001994   0x08001994   0x00000144   Code   RO          420    i.BL_eraseMemory_command  bl_command.o
    0x08001ad8   0x08001ad8   0x00000064   Code   RO          421    i.BL_getDeviceID_command  bl_command.o
    0x08001b3c   0x08001b3c   0x0000006c   Code   RO          422    i.BL_getVersionAndRPStatus_command  bl_command.o
    0x08001ba8   0x08001ba8   0x0000005c   Code   RO          423    i.BL_get_command    bl_command.o
    0x08001c04   0x08001c04   0x00000064   Code   RO          425    i.BL_readAndWriteCallBack  bl_command.o
    0x08001c68   0x08001c68   0x00000078   Code   RO          426    i.BL_readDataFromFlash  bl_command.o
    0x08001ce0   0x08001ce0   0x0000016c   Code   RO          427    i.BL_readMemory_command  bl_command.o
    0x08001e4c   0x08001e4c   0x0000007c   Code   RO          430    i.BL_sendCommand    bl_command.o
    0x08001ec8   0x08001ec8   0x000000f8   Code   RO          431    i.BL_verifyMemory   bl_command.o
    0x08001fc0   0x08001fc0   0x00000136   Code   RO          432    i.BL_writeMemory_command  bl_command.o
    0x080020f6   0x080020f6   0x00000004   Code   RO          192    i.BusFault_Handler  stm32f4xx_it.o
    0x080020fa   0x080020fa   0x00000002   PAD
    0x080020fc   0x080020fc   0x00000010   Code   RO          193    i.DMA1_Stream5_IRQHandler  stm32f4xx_it.o
    0x0800210c   0x0800210c   0x00000010   Code   RO          194    i.DMA1_Stream6_IRQHandler  stm32f4xx_it.o
    0x0800211c   0x0800211c   0x00000010   Code   RO          195    i.DMA2_Stream2_IRQHandler  stm32f4xx_it.o
    0x0800212c   0x0800212c   0x00000010   Code   RO          196    i.DMA2_Stream7_IRQHandler  stm32f4xx_it.o
    0x0800213c   0x0800213c   0x00000034   Code   RO         2164    i.DMA_CalcBaseAndBitshift  stm32f4xx_hal_dma.o
    0x08002170   0x08002170   0x000000aa   Code   RO         2165    i.DMA_CheckFifoParam  stm32f4xx_hal_dma.o
    0x0800221a   0x0800221a   0x0000002c   Code   RO         2166    i.DMA_SetConfig     stm32f4xx_hal_dma.o
    0x08002246   0x08002246   0x00000002   Code   RO          197    i.DebugMon_Handler  stm32f4xx_it.o
    0x08002248   0x08002248   0x00000006   Code   RO           13    i.Error_Handler     main.o
    0x0800224e   0x0800224e   0x000000ac   Code   RO         2167    i.HAL_DMA_Abort     stm32f4xx_hal_dma.o
    0x080022fa   0x080022fa   0x00000028   Code   RO         2168    i.HAL_DMA_Abort_IT  stm32f4xx_hal_dma.o
    0x08002322   0x08002322   0x00000002   PAD
    0x08002324   0x08002324   0x00000240   Code   RO         2172    i.HAL_DMA_IRQHandler  stm32f4xx_hal_dma.o
    0x08002564   0x08002564   0x000000ec   Code   RO         2173    i.HAL_DMA_Init      stm32f4xx_hal_dma.o
    0x08002650   0x08002650   0x00000092   Code   RO         2177    i.HAL_DMA_Start_IT  stm32f4xx_hal_dma.o
    0x080026e2   0x080026e2   0x00000002   PAD
    0x080026e4   0x080026e4   0x00000028   Code   RO         2591    i.HAL_Delay         stm32f4xx_hal.o
    0x0800270c   0x0800270c   0x000001f0   Code   RO         2060    i.HAL_GPIO_Init     stm32f4xx_hal_gpio.o
    0x080028fc   0x080028fc   0x00000014   Code   RO         2063    i.HAL_GPIO_TogglePin  stm32f4xx_hal_gpio.o
    0x08002910   0x08002910   0x0000000c   Code   RO         2064    i.HAL_GPIO_WritePin  stm32f4xx_hal_gpio.o
    0x0800291c   0x0800291c   0x0000000c   Code   RO         2597    i.HAL_GetTick       stm32f4xx_hal.o
    0x08002928   0x08002928   0x00000018   Code   RO         2603    i.HAL_IncTick       stm32f4xx_hal.o
    0x08002940   0x08002940   0x0000003c   Code   RO         2604    i.HAL_Init          stm32f4xx_hal.o
    0x0800297c   0x0800297c   0x0000004c   Code   RO         2605    i.HAL_InitTick      stm32f4xx_hal.o
    0x080029c8   0x080029c8   0x00000048   Code   RO          310    i.HAL_MspInit       stm32f4xx_hal_msp.o
    0x08002a10   0x08002a10   0x00000020   Code   RO         2449    i.HAL_NVIC_EnableIRQ  stm32f4xx_hal_cortex.o
    0x08002a30   0x08002a30   0x0000007c   Code   RO         2455    i.HAL_NVIC_SetPriority  stm32f4xx_hal_cortex.o
    0x08002aac   0x08002aac   0x00000028   Code   RO         2456    i.HAL_NVIC_SetPriorityGrouping  stm32f4xx_hal_cortex.o
    0x08002ad4   0x08002ad4   0x00000184   Code   RO         1661    i.HAL_RCC_ClockConfig  stm32f4xx_hal_rcc.o
    0x08002c58   0x08002c58   0x0000000c   Code   RO         1666    i.HAL_RCC_GetHCLKFreq  stm32f4xx_hal_rcc.o
    0x08002c64   0x08002c64   0x00000020   Code   RO         1668    i.HAL_RCC_GetPCLK1Freq  stm32f4xx_hal_rcc.o
    0x08002c84   0x08002c84   0x00000020   Code   RO         1669    i.HAL_RCC_GetPCLK2Freq  stm32f4xx_hal_rcc.o
    0x08002ca4   0x08002ca4   0x000000b0   Code   RO         1670    i.HAL_RCC_GetSysClockFreq  stm32f4xx_hal_rcc.o
    0x08002d54   0x08002d54   0x0000049c   Code   RO         1673    i.HAL_RCC_OscConfig  stm32f4xx_hal_rcc.o
    0x080031f0   0x080031f0   0x00000034   Code   RO         2460    i.HAL_SYSTICK_Config  stm32f4xx_hal_cortex.o
    0x08003224   0x08003224   0x00000002   Code   RO         1393    i.HAL_TIMEx_BreakCallback  stm32f4xx_hal_tim_ex.o
    0x08003226   0x08003226   0x00000002   Code   RO         1394    i.HAL_TIMEx_CommutCallback  stm32f4xx_hal_tim_ex.o
    0x08003228   0x08003228   0x000000b4   Code   RO         1412    i.HAL_TIMEx_MasterConfigSynchronization  stm32f4xx_hal_tim_ex.o
    0x080032dc   0x080032dc   0x00000066   Code   RO          678    i.HAL_TIM_Base_Init  stm32f4xx_hal_tim.o
    0x08003342   0x08003342   0x00000002   PAD
    0x08003344   0x08003344   0x000000bc   Code   RO          312    i.HAL_TIM_Base_MspInit  stm32f4xx_hal_msp.o
    0x08003400   0x08003400   0x0000010c   Code   RO          687    i.HAL_TIM_ConfigClockSource  stm32f4xx_hal_tim.o
    0x0800350c   0x0800350c   0x00000088   Code   RO          610    i.HAL_TIM_IC_CaptureCallback  pwmcommon.o
    0x08003594   0x08003594   0x000000de   Code   RO          714    i.HAL_TIM_IC_ConfigChannel  stm32f4xx_hal_tim.o
    0x08003672   0x08003672   0x00000066   Code   RO          717    i.HAL_TIM_IC_Init   stm32f4xx_hal_tim.o
    0x080036d8   0x080036d8   0x00000002   Code   RO          719    i.HAL_TIM_IC_MspInit  stm32f4xx_hal_tim.o
    0x080036da   0x080036da   0x00000196   Code   RO          726    i.HAL_TIM_IRQHandler  stm32f4xx_hal_tim.o
    0x08003870   0x08003870   0x00000002   Code   RO          729    i.HAL_TIM_OC_DelayElapsedCallback  stm32f4xx_hal_tim.o
    0x08003872   0x08003872   0x00000002   Code   RO          756    i.HAL_TIM_PWM_PulseFinishedCallback  stm32f4xx_hal_tim.o
    0x08003874   0x08003874   0x00000002   Code   RO          764    i.HAL_TIM_PeriodElapsedCallback  stm32f4xx_hal_tim.o
    0x08003876   0x08003876   0x00000032   Code   RO          766    i.HAL_TIM_ReadCapturedValue  stm32f4xx_hal_tim.o
    0x080038a8   0x080038a8   0x00000002   Code   RO          769    i.HAL_TIM_TriggerCallback  stm32f4xx_hal_tim.o
    0x080038aa   0x080038aa   0x00000002   Code   RO         2853    i.HAL_UARTEx_RxEventCallback  stm32f4xx_hal_uart.o
    0x080038ac   0x080038ac   0x00000002   Code   RO         2867    i.HAL_UART_ErrorCallback  stm32f4xx_hal_uart.o
    0x080038ae   0x080038ae   0x00000002   PAD
    0x080038b0   0x080038b0   0x000002e0   Code   RO         2870    i.HAL_UART_IRQHandler  stm32f4xx_hal_uart.o
    0x08003b90   0x08003b90   0x00000072   Code   RO         2871    i.HAL_UART_Init     stm32f4xx_hal_uart.o
    0x08003c02   0x08003c02   0x00000002   PAD
    0x08003c04   0x08003c04   0x00000230   Code   RO          314    i.HAL_UART_MspInit  stm32f4xx_hal_msp.o
    0x08003e34   0x08003e34   0x00000042   Code   RO         2875    i.HAL_UART_Receive_DMA  stm32f4xx_hal_uart.o
    0x08003e76   0x08003e76   0x00000002   PAD
    0x08003e78   0x08003e78   0x00000024   Code   RO          543    i.HAL_UART_RxCpltCallback  serialcommon.o
    0x08003e9c   0x08003e9c   0x00000002   Code   RO         2878    i.HAL_UART_RxHalfCpltCallback  stm32f4xx_hal_uart.o
    0x08003e9e   0x08003e9e   0x000000d2   Code   RO         2879    i.HAL_UART_Transmit  stm32f4xx_hal_uart.o
    0x08003f70   0x08003f70   0x000000ac   Code   RO         2880    i.HAL_UART_Transmit_DMA  stm32f4xx_hal_uart.o
    0x0800401c   0x0800401c   0x00000024   Code   RO          544    i.HAL_UART_TxCpltCallback  serialcommon.o
    0x08004040   0x08004040   0x00000002   Code   RO         2883    i.HAL_UART_TxHalfCpltCallback  stm32f4xx_hal_uart.o
    0x08004042   0x08004042   0x00000004   Code   RO          198    i.HardFault_Handler  stm32f4xx_it.o
    0x08004046   0x08004046   0x00000002   PAD
    0x08004048   0x08004048   0x00000088   Code   RO           14    i.MX_DMA_Init       main.o
    0x080040d0   0x080040d0   0x000000e0   Code   RO           15    i.MX_GPIO_Init      main.o
    0x080041b0   0x080041b0   0x00000068   Code   RO           16    i.MX_TIM2_Init      main.o
    0x08004218   0x08004218   0x0000009c   Code   RO           17    i.MX_TIM5_Init      main.o
    0x080042b4   0x080042b4   0x00000038   Code   RO           18    i.MX_USART1_UART_Init  main.o
    0x080042ec   0x080042ec   0x00000040   Code   RO           19    i.MX_USART2_UART_Init  main.o
    0x0800432c   0x0800432c   0x00000004   Code   RO          199    i.MemManage_Handler  stm32f4xx_it.o
    0x08004330   0x08004330   0x00000004   Code   RO          200    i.NMI_Handler       stm32f4xx_it.o
    0x08004334   0x08004334   0x00000002   Code   RO          201    i.PendSV_Handler    stm32f4xx_it.o
    0x08004336   0x08004336   0x00000002   Code   RO          202    i.SVC_Handler       stm32f4xx_it.o
    0x08004338   0x08004338   0x00000008   Code   RO          203    i.SysTick_Handler   stm32f4xx_it.o
    0x08004340   0x08004340   0x000000b4   Code   RO           20    i.SystemClock_Config  main.o
    0x080043f4   0x080043f4   0x00000014   Code   RO         3210    i.SystemInit        system_stm32f4xx.o
    0x08004408   0x08004408   0x00000010   Code   RO          204    i.TIM5_IRQHandler   stm32f4xx_it.o
    0x08004418   0x08004418   0x000000d8   Code   RO          771    i.TIM_Base_SetConfig  stm32f4xx_hal_tim.o
    0x080044f0   0x080044f0   0x00000016   Code   RO          782    i.TIM_ETR_SetConfig  stm32f4xx_hal_tim.o
    0x08004506   0x08004506   0x00000012   Code   RO          783    i.TIM_ITRx_SetConfig  stm32f4xx_hal_tim.o
    0x08004518   0x08004518   0x00000026   Code   RO          789    i.TIM_TI1_ConfigInputStage  stm32f4xx_hal_tim.o
    0x0800453e   0x0800453e   0x00000002   PAD
    0x08004540   0x08004540   0x00000090   Code   RO          790    i.TIM_TI1_SetConfig  stm32f4xx_hal_tim.o
    0x080045d0   0x080045d0   0x00000028   Code   RO          791    i.TIM_TI2_ConfigInputStage  stm32f4xx_hal_tim.o
    0x080045f8   0x080045f8   0x0000003a   Code   RO          792    i.TIM_TI2_SetConfig  stm32f4xx_hal_tim.o
    0x08004632   0x08004632   0x00000038   Code   RO          793    i.TIM_TI3_SetConfig  stm32f4xx_hal_tim.o
    0x0800466a   0x0800466a   0x0000003c   Code   RO          794    i.TIM_TI4_SetConfig  stm32f4xx_hal_tim.o
    0x080046a6   0x080046a6   0x00000014   Code   RO         2884    i.UART_DMAAbortOnError  stm32f4xx_hal_uart.o
    0x080046ba   0x080046ba   0x00000050   Code   RO         2885    i.UART_DMAError     stm32f4xx_hal_uart.o
    0x0800470a   0x0800470a   0x000000b0   Code   RO         2886    i.UART_DMAReceiveCplt  stm32f4xx_hal_uart.o
    0x080047ba   0x080047ba   0x00000020   Code   RO         2888    i.UART_DMARxHalfCplt  stm32f4xx_hal_uart.o
    0x080047da   0x080047da   0x00000058   Code   RO         2890    i.UART_DMATransmitCplt  stm32f4xx_hal_uart.o
    0x08004832   0x08004832   0x0000000e   Code   RO         2892    i.UART_DMATxHalfCplt  stm32f4xx_hal_uart.o
    0x08004840   0x08004840   0x0000006c   Code   RO         2894    i.UART_EndRxTransfer  stm32f4xx_hal_uart.o
    0x080048ac   0x080048ac   0x00000020   Code   RO         2895    i.UART_EndTransmit_IT  stm32f4xx_hal_uart.o
    0x080048cc   0x080048cc   0x00000026   Code   RO         2896    i.UART_EndTxTransfer  stm32f4xx_hal_uart.o
    0x080048f2   0x080048f2   0x000000f8   Code   RO         2897    i.UART_Receive_IT   stm32f4xx_hal_uart.o
    0x080049ea   0x080049ea   0x00000002   PAD
    0x080049ec   0x080049ec   0x0000022c   Code   RO         2898    i.UART_SetConfig    stm32f4xx_hal_uart.o
    0x08004c18   0x08004c18   0x000000cc   Code   RO         2899    i.UART_Start_Receive_DMA  stm32f4xx_hal_uart.o
    0x08004ce4   0x08004ce4   0x00000060   Code   RO         2901    i.UART_Transmit_IT  stm32f4xx_hal_uart.o
    0x08004d44   0x08004d44   0x00000092   Code   RO         2902    i.UART_WaitOnFlagUntilTimeout  stm32f4xx_hal_uart.o
    0x08004dd6   0x08004dd6   0x00000002   PAD
    0x08004dd8   0x08004dd8   0x00000010   Code   RO          205    i.USART1_IRQHandler  stm32f4xx_it.o
    0x08004de8   0x08004de8   0x00000010   Code   RO          206    i.USART2_IRQHandler  stm32f4xx_it.o
    0x08004df8   0x08004df8   0x00000004   Code   RO          207    i.UsageFault_Handler  stm32f4xx_it.o
    0x08004dfc   0x08004dfc   0x00000030   Code   RO         3398    i.__ARM_fpclassify  m_wm.l(fpclassify.o)
    0x08004e2c   0x08004e2c   0x00000010   Code   RO         2462    i.__NVIC_GetPriorityGrouping  stm32f4xx_hal_cortex.o
    0x08004e3c   0x08004e3c   0x00000028   Code   RO         2463    i.__NVIC_SetPriority  stm32f4xx_hal_cortex.o
    0x08004e64   0x08004e64   0x0000000e   Code   RO         3290    i._is_digit         c_w.l(__printf_wp.o)
    0x08004e72   0x08004e72   0x00000002   PAD
    0x08004e74   0x08004e74   0x0000001c   Code   RO          545    i.fputc             serialcommon.o
    0x08004e90   0x08004e90   0x00000060   Code   RO          359    i.hostBootLoader_deviceReady  hostbootloader.o
    0x08004ef0   0x08004ef0   0x0000005c   Code   RO          360    i.hostBootLoader_init  hostbootloader.o
    0x08004f4c   0x08004f4c   0x00000010   Code   RO          361    i.hostBootLoader_process  hostbootloader.o
    0x08004f5c   0x08004f5c   0x00000068   Code   RO          362    i.hostBootLoader_readCallBacl  hostbootloader.o
    0x08004fc4   0x08004fc4   0x00000038   Code   RO           21    i.main              main.o
    0x08004ffc   0x08004ffc   0x0000000c   Code   RO          546    i.serialCommon_init  serialcommon.o
    0x08005008   0x08005008   0x0000003c   Code   RO          547    i.serialCommon_readData  serialcommon.o
    0x08005044   0x08005044   0x00000034   Code   RO          548    i.serialCommon_sendData  serialcommon.o
    0x08005078   0x08005078   0x0000000c   Code   RO          549    i.serialConsole_init  serialcommon.o
    0x08005084   0x08005084   0x0000002c   Code   RO         3394    locale$$code        c_w.l(lc_numeric_c.o)
    0x080050b0   0x080050b0   0x0000000c   Code   RO         3331    x$fpl$dretinf       fz_wm.l(dretinf.o)
    0x080050bc   0x080050bc   0x00000056   Code   RO         3313    x$fpl$f2d           fz_wm.l(f2d.o)
    0x08005112   0x08005112   0x0000008c   Code   RO         3333    x$fpl$fnaninf       fz_wm.l(fnaninf.o)
    0x0800519e   0x0800519e   0x0000000a   Code   RO         3476    x$fpl$fpinit        fz_wm.l(fpinit.o)
    0x080051a8   0x080051a8   0x00000004   Code   RO         3315    x$fpl$printf1       fz_wm.l(printf1.o)
    0x080051ac   0x080051ac   0x00000000   Code   RO         3335    x$fpl$usenofp       fz_wm.l(usenofp.o)
    0x080051ac   0x080051ac   0x00000015   Data   RO          434    .constdata          bl_command.o
    0x080051c1   0x080051c1   0x00000008   Data   RO         2179    .constdata          stm32f4xx_hal_dma.o
    0x080051c9   0x080051c9   0x00000018   Data   RO         3211    .constdata          system_stm32f4xx.o
    0x080051e1   0x080051e1   0x00000028   Data   RO         3263    .constdata          c_w.l(_printf_hex_int.o)
    0x08005209   0x08005209   0x00000011   Data   RO         3293    .constdata          c_w.l(__printf_flags_wp.o)
    0x0800521a   0x0800521a   0x00000002   PAD
    0x0800521c   0x0800521c   0x00000094   Data   RO         3365    .constdata          c_w.l(bigflt0.o)
    0x080052b0   0x080052b0   0x000001b9   Data   RO          435    .conststring        bl_command.o
    0x08005469   0x08005469   0x00000003   PAD
    0x0800546c   0x0800546c   0x00000020   Data   RO         3547    Region$$Table       anon$$obj.o
    0x0800548c   0x0800548c   0x0000001c   Data   RO         3393    locale$$data        c_w.l(lc_numeric_c.o)


    Execution Region RW_IRAM2 (Exec base: 0x10000000, Load base: 0x080054e8, Size: 0x00000000, Max: 0x00010000, ABSOLUTE)

    **** No section assigned to this execution region ****


    Execution Region RW_IRAM1 (Exec base: 0x20000000, Load base: 0x080054a8, Size: 0x00000a50, Max: 0x00020000, ABSOLUTE)

    Exec Addr    Load Addr    Size         Type   Attr      Idx    E Section Name        Object

    0x20000000   0x080054a8   0x00000004   Data   RW          364    .data               hostbootloader.o
    0x20000004   0x080054ac   0x0000000c   Data   RW          436    .data               bl_command.o
    0x20000010   0x080054b8   0x00000010   Data   RW          550    .data               serialcommon.o
    0x20000020   0x080054c8   0x0000000d   Data   RW          617    .data               pwmcommon.o
    0x2000002d   0x080054d5   0x00000003   PAD
    0x20000030   0x080054d8   0x00000009   Data   RW         2611    .data               stm32f4xx_hal.o
    0x20000039   0x080054e1   0x00000003   PAD
    0x2000003c   0x080054e4   0x00000004   Data   RW         3212    .data               system_stm32f4xx.o
    0x20000040        -       0x00000298   Zero   RW           22    .bss                main.o
    0x200002d8        -       0x00000112   Zero   RW          363    .bss                hostbootloader.o
    0x200003ea   0x080054e8   0x00000002   PAD
    0x200003ec        -       0x00000060   Zero   RW         3401    .bss                c_w.l(libspace.o)
    0x2000044c   0x080054e8   0x00000004   PAD
    0x20000450        -       0x00000200   Zero   RW            2    HEAP                startup_stm32f405xx.o
    0x20000650        -       0x00000400   Zero   RW            1    STACK               startup_stm32f405xx.o


==============================================================================

Image component sizes


      Code (inc. data)   RO Data    RW Data    ZI Data      Debug   Object Name

      2628        860        462         12          0      13881   bl_command.o
       308         92          0          4        274       4876   hostbootloader.o
       982         70          0          0        664     647520   main.o
       136         12          0         13          0       1810   pwmcommon.o
       236         52          0         16          0       6274   serialcommon.o
        64         26        392          0       1536        864   startup_stm32f405xx.o
       212         36          0          9          0       9553   stm32f4xx_hal.o
       304         22          0          0          0      34591   stm32f4xx_hal_cortex.o
      1436         16          8          0          0       7206   stm32f4xx_hal_dma.o
       528         44          0          0          0       2837   stm32f4xx_hal_gpio.o
       820         56          0          0          0       2978   stm32f4xx_hal_msp.o
      1820         84          0          0          0       5760   stm32f4xx_hal_rcc.o
      1812         76          0          0          0      15420   stm32f4xx_hal_tim.o
       184         30          0          0          0       2573   stm32f4xx_hal_tim_ex.o
      3144         38          0          0          0      18808   stm32f4xx_hal_uart.o
       146         42          0          0          0       8040   stm32f4xx_it.o
        20          6         24          4          0       1187   system_stm32f4xx.o

    ----------------------------------------------------------------------
     14804       1562        921         64       2476     784178   Object Totals
         0          0         32          0          0          0   (incl. Generated)
        24          0          3          6          2          0   (incl. Padding)

    ----------------------------------------------------------------------

      Code (inc. data)   RO Data    RW Data    ZI Data      Debug   Library Member Name

         8          0          0          0          0         68   __main.o
       312          4         17          0          0         92   __printf_flags_wp.o
        14          0          0          0          0         68   __printf_wp.o
         0          0          0          0          0          0   __rtentry.o
        12          0          0          0          0          0   __rtentry2.o
         6          0          0          0          0          0   __rtentry4.o
        52          8          0          0          0          0   __scatter.o
        26          0          0          0          0          0   __scatter_copy.o
        28          0          0          0          0          0   __scatter_zi.o
        44          0          0          0          0        108   _printf_char.o
        48          6          0          0          0         96   _printf_char_common.o
        36          4          0          0          0         80   _printf_char_file.o
         6          0          0          0          0          0   _printf_d.o
       120         16          0          0          0         92   _printf_dec.o
         6          0          0          0          0          0   _printf_f.o
      1054          0          0          0          0        216   _printf_fp_dec.o
       128         16          0          0          0         84   _printf_fp_infnan.o
        88          4         40          0          0         88   _printf_hex_int.o
       178          0          0          0          0         88   _printf_intcommon.o
        78          0          0          0          0        108   _printf_pad.o
         0          0          0          0          0          0   _printf_percent.o
         4          0          0          0          0          0   _printf_percent_end.o
         6          0          0          0          0          0   _printf_s.o
        82          0          0          0          0         80   _printf_str.o
         6          0          0          0          0          0   _printf_x.o
       228          4        148          0          0         96   bigflt0.o
      1936        128          0          0          0        672   btod.o
        18          0          0          0          0         80   exit.o
         8          0          0          0          0         68   ferror.o
         6          0          0          0          0        152   heapauxi.o
         0          0          0          0          0          0   indicate_semi.o
        44         10         28          0          0         76   lc_numeric_c.o
         2          0          0          0          0          0   libinit.o
        22          0          0          0          0          0   libinit2.o
         2          0          0          0          0          0   libshutdown.o
         2          0          0          0          0          0   libshutdown2.o
         8          4          0          0         96         68   libspace.o
       138          0          0          0          0         80   lludiv10.o
       238          0          0          0          0        100   lludivv7m.o
        24          4          0          0          0         84   noretval__2printf.o
         8          4          0          0          0         68   rt_locale_intlibspace.o
        68          0          0          0          0         68   rt_memclr.o
        78          0          0          0          0         80   rt_memclr_w.o
         2          0          0          0          0          0   rtexit.o
        10          0          0          0          0          0   rtexit2.o
       128          0          0          0          0         68   strcmpv7m.o
        12          4          0          0          0         68   sys_exit.o
        74          0          0          0          0         80   sys_stackheap_outer.o
         2          0          0          0          0         68   use_no_semi.o
        12          0          0          0          0        116   dretinf.o
        86          4          0          0          0        132   f2d.o
       140          4          0          0          0        132   fnaninf.o
        10          0          0          0          0        116   fpinit.o
         4          0          0          0          0        116   printf1.o
         0          0          0          0          0          0   usenofp.o
        48          0          0          0          0        124   fpclassify.o

    ----------------------------------------------------------------------
      5712        224        235          0        100       3980   Library Totals
        12          0          2          0          4          0   (incl. Padding)

    ----------------------------------------------------------------------

      Code (inc. data)   RO Data    RW Data    ZI Data      Debug   Library Name

      5400        216        233          0         96       3244   c_w.l
       252          8          0          0          0        612   fz_wm.l
        48          0          0          0          0        124   m_wm.l

    ----------------------------------------------------------------------
      5712        224        235          0        100       3980   Library Totals

    ----------------------------------------------------------------------

==============================================================================


      Code (inc. data)   RO Data    RW Data    ZI Data      Debug   

     20516       1786       1156         64       2576     773590   Grand Totals
     20516       1786       1156         64       2576     773590   ELF Image Totals
     20516       1786       1156         64          0          0   ROM Totals

==============================================================================

    Total RO  Size (Code + RO Data)                21672 (  21.16kB)
    Total RW  Size (RW Data + ZI Data)              2640 (   2.58kB)
    Total ROM Size (Code + RO Data + RW Data)      21736 (  21.23kB)

==============================================================================

